79.160.136.34 - - [08/Jul/2023:14:03:51 +0200] "GET /admin/locale/translate.json.php HTTP/1.1" 200 779 "https://rescueme.io/admin/logon?uri=missing%2Fnew%3F" "Mozilla/5.0 (iPhone; CPU iPhone OS 16_5_1 like Mac OS X) AppleWebKit/605.1.15 (KHTML, like Gecko) Version/16.5.1 Mobile/15E148 Safari/604.1"
79.160.136.34 - - [08/Jul/2023:14:04:30 +0200] "GET /l/NyP HTTP/1.1" 200 7043 "-" "Mozilla/5.0 (iPhone; CPU iPhone OS 16_5_1 like Mac OS X) AppleWebKit/605.1.15 (KHTML, like Gecko) Version/16.5.1 Mobile/15E148 Safari/604.1"
109.247.73.50 - - [08/Jul/2023:14:03:13 +0200] "GET /admin/positions/9061?num=0&_=1688809446582 HTTP/1.1" 200 610 "https://rescueme.io/admin/missing/9061" "Mozilla/5.0 (Windows NT 10.0; Win64; x64) AppleWebKit/537.36 (KHTML, like Gecko) Chrome/114.0.0.0 Safari/537.36"
109.247.73.50 - - [08/Jul/2023:14:05:05 +0200] "GET /admin/positions/9061?num=0&_=1688809446583 HTTP/1.1" 200 610 "https://rescueme.io/admin/missing/9061" "Mozilla/5.0 (Windows NT 10.0; Win64; x64) AppleWebKit/537.36 (KHTML, like Gecko) Chrome/114.0.0.0 Safari/537.36"
109.247.73.50 - - [08/Jul/2023:14:06:56 +0200] "GET /admin/positions/9061?num=0&_=1688809446584 HTTP/1.1" 200 610 "https://rescueme.io/admin/missing/9061" "Mozilla/5.0 (Windows NT 10.0; Win64; x64) AppleWebKit/537.36 (KHTML, like Gecko) Chrome/114.0.0.0 Safari/537.36"
109.247.73.50 - - [08/Jul/2023:14:08:47 +0200] "GET /admin/positions/9061?num=0&_=1688809446585 HTTP/1.1" 200 610 "https://rescueme.io/admin/missing/9061" "Mozilla/5.0 (Windows NT 10.0; Win64; x64) AppleWebKit/537.36 (KHTML, like Gecko) Chrome/114.0.0.0 Safari/537.36"
109.247.73.50 - - [08/Jul/2023:14:10:38 +0200] "GET /admin/positions/9061?num=0&_=1688809446586 HTTP/1.1" 200 610 "https://rescueme.io/admin/missing/9061" "Mozilla/5.0 (Windows NT 10.0; Win64; x64) AppleWebKit/537.36 (KHTML, like Gecko) Chrome/114.0.0.0 Safari/537.36"
109.247.73.50 - - [08/Jul/2023:14:12:30 +0200] "GET /admin/positions/9061?num=0&_=1688809446587 HTTP/1.1" 200 610 "https://rescueme.io/admin/missing/9061" "Mozilla/5.0 (Windows NT 10.0; Win64; x64) AppleWebKit/537.36 (KHTML, like Gecko) Chrome/114.0.0.0 Safari/537.36"
109.247.73.50 - - [08/Jul/2023:14:14:21 +0200] "GET /admin/positions/9061?num=0&_=1688809446588 HTTP/1.1" 200 610 "https://rescueme.io/admin/missing/9061" "Mozilla/5.0 (Windows NT 10.0; Win64; x64) AppleWebKit/537.36 (KHTML, like Gecko) Chrome/114.0.0.0 Safari/537.36"
109.247.73.50 - - [08/Jul/2023:14:16:12 +0200] "GET /admin/positions/9061?num=0&_=1688809446589 HTTP/1.1" 200 610 "https://rescueme.io/admin/missing/9061" "Mozilla/5.0 (Windows NT 10.0; Win64; x64) AppleWebKit/537.36 (KHTML, like Gecko) Chrome/114.0.0.0 Safari/537.36"
109.247.73.50 - - [08/Jul/2023:14:18:03 +0200] "GET /admin/positions/9061?num=0&_=1688809446590 HTTP/1.1" 200 610 "https://rescueme.io/admin/missing/9061" "Mozilla/5.0 (Windows NT 10.0; Win64; x64) AppleWebKit/537.36 (KHTML, like Gecko) Chrome/114.0.0.0 Safari/537.36"
146.190.153.27 - - [08/Jul/2023:14:20:31 +0200] "GET / HTTP/1.1" 200 2276 "-" "Mozilla/5.0 (Windows NT 6.1; rv:57.0) Gecko/20100101 Firefox/57.0"
109.247.73.50 - - [08/Jul/2023:14:19:54 +0200] "GET /admin/positions/9061?num=0&_=1688809446591 HTTP/1.1" 200 610 "https://rescueme.io/admin/missing/9061" "Mozilla/5.0 (Windows NT 10.0; Win64; x64) AppleWebKit/537.36 (KHTML, like Gecko) Chrome/114.0.0.0 Safari/537.36"
109.247.73.50 - - [08/Jul/2023:14:21:45 +0200] "GET /admin/positions/9061?num=0&_=1688809446592 HTTP/1.1" 200 610 "https://rescueme.io/admin/missing/9061" "Mozilla/5.0 (Windows NT 10.0; Win64; x64) AppleWebKit/537.36 (KHTML, like Gecko) Chrome/114.0.0.0 Safari/537.36"
109.247.73.50 - - [08/Jul/2023:14:23:36 +0200] "GET /admin/positions/9061?num=0&_=1688809446593 HTTP/1.1" 200 610 "https://rescueme.io/admin/missing/9061" "Mozilla/5.0 (Windows NT 10.0; Win64; x64) AppleWebKit/537.36 (KHTML, like Gecko) Chrome/114.0.0.0 Safari/537.36"
109.247.73.50 - - [08/Jul/2023:14:25:27 +0200] "GET /admin/positions/9061?num=0&_=1688809446594 HTTP/1.1" 200 610 "https://rescueme.io/admin/missing/9061" "Mozilla/5.0 (Windows NT 10.0; Win64; x64) AppleWebKit/537.36 (KHTML, like Gecko) Chrome/114.0.0.0 Safari/537.36"
109.247.73.50 - - [08/Jul/2023:14:27:18 +0200] "GET /admin/positions/9061?num=0&_=1688809446595 HTTP/1.1" 200 610 "https://rescueme.io/admin/missing/9061" "Mozilla/5.0 (Windows NT 10.0; Win64; x64) AppleWebKit/537.36 (KHTML, like Gecko) Chrome/114.0.0.0 Safari/537.36"
109.247.73.50 - - [08/Jul/2023:14:29:09 +0200] "GET /admin/positions/9061?num=0&_=1688809446596 HTTP/1.1" 200 610 "https://rescueme.io/admin/missing/9061" "Mozilla/5.0 (Windows NT 10.0; Win64; x64) AppleWebKit/537.36 (KHTML, like Gecko) Chrome/114.0.0.0 Safari/537.36"
109.247.73.50 - - [08/Jul/2023:14:31:00 +0200] "GET /admin/positions/9061?num=0&_=1688809446597 HTTP/1.1" 200 610 "https://rescueme.io/admin/missing/9061" "Mozilla/5.0 (Windows NT 10.0; Win64; x64) AppleWebKit/537.36 (KHTML, like Gecko) Chrome/114.0.0.0 Safari/537.36"
109.247.73.50 - - [08/Jul/2023:14:32:51 +0200] "GET /admin/positions/9061?num=0&_=1688809446598 HTTP/1.1" 200 610 "https://rescueme.io/admin/missing/9061" "Mozilla/5.0 (Windows NT 10.0; Win64; x64) AppleWebKit/537.36 (KHTML, like Gecko) Chrome/114.0.0.0 Safari/537.36"
109.247.73.50 - - [08/Jul/2023:14:34:43 +0200] "GET /admin/positions/9061?num=0&_=1688809446599 HTTP/1.1" 200 610 "https://rescueme.io/admin/missing/9061" "Mozilla/5.0 (Windows NT 10.0; Win64; x64) AppleWebKit/537.36 (KHTML, like Gecko) Chrome/114.0.0.0 Safari/537.36"
109.247.73.50 - - [08/Jul/2023:14:36:34 +0200] "GET /admin/positions/9061?num=0&_=1688809446600 HTTP/1.1" 200 610 "https://rescueme.io/admin/missing/9061" "Mozilla/5.0 (Windows NT 10.0; Win64; x64) AppleWebKit/537.36 (KHTML, like Gecko) Chrome/114.0.0.0 Safari/537.36"
109.247.73.50 - - [08/Jul/2023:14:38:25 +0200] "GET /admin/positions/9061?num=0&_=1688809446601 HTTP/1.1" 200 610 "https://rescueme.io/admin/missing/9061" "Mozilla/5.0 (Windows NT 10.0; Win64; x64) AppleWebKit/537.36 (KHTML, like Gecko) Chrome/114.0.0.0 Safari/537.36"
109.247.73.50 - - [08/Jul/2023:14:40:17 +0200] "GET /admin/positions/9061?num=0&_=1688809446602 HTTP/1.1" 200 610 "https://rescueme.io/admin/missing/9061" "Mozilla/5.0 (Windows NT 10.0; Win64; x64) AppleWebKit/537.36 (KHTML, like Gecko) Chrome/114.0.0.0 Safari/537.36"
109.247.73.50 - - [08/Jul/2023:14:42:08 +0200] "GET /admin/positions/9061?num=0&_=1688809446603 HTTP/1.1" 200 610 "https://rescueme.io/admin/missing/9061" "Mozilla/5.0 (Windows NT 10.0; Win64; x64) AppleWebKit/537.36 (KHTML, like Gecko) Chrome/114.0.0.0 Safari/537.36"
109.247.73.50 - - [08/Jul/2023:14:43:59 +0200] "GET /admin/positions/9061?num=0&_=1688809446604 HTTP/1.1" 200 610 "https://rescueme.io/admin/missing/9061" "Mozilla/5.0 (Windows NT 10.0; Win64; x64) AppleWebKit/537.36 (KHTML, like Gecko) Chrome/114.0.0.0 Safari/537.36"
109.247.73.50 - - [08/Jul/2023:14:45:51 +0200] "GET /admin/positions/9061?num=0&_=1688809446605 HTTP/1.1" 200 610 "https://rescueme.io/admin/missing/9061" "Mozilla/5.0 (Windows NT 10.0; Win64; x64) AppleWebKit/537.36 (KHTML, like Gecko) Chrome/114.0.0.0 Safari/537.36"
109.247.73.50 - - [08/Jul/2023:14:47:42 +0200] "GET /admin/positions/9061?num=0&_=1688809446606 HTTP/1.1" 200 610 "https://rescueme.io/admin/missing/9061" "Mozilla/5.0 (Windows NT 10.0; Win64; x64) AppleWebKit/537.36 (KHTML, like Gecko) Chrome/114.0.0.0 Safari/537.36"
92.220.74.8 - - [08/Jul/2023:14:51:15 +0200] "GET /admin/logon HTTP/1.1" 200 6370 "-" "Mozilla/5.0 (Macintosh; Intel Mac OS X 10_15_7) AppleWebKit/605.1.15 (KHTML, like Gecko) Version/16.5.1 Safari/605.1.15"
92.220.74.8 - - [08/Jul/2023:14:51:15 +0200] "GET /css/admin.css HTTP/1.1" 200 25150 "https://rescueme.io/admin/logon" "Mozilla/5.0 (Macintosh; Intel Mac OS X 10_15_7) AppleWebKit/605.1.15 (KHTML, like Gecko) Version/16.5.1 Safari/605.1.15"
92.220.74.8 - - [08/Jul/2023:14:51:15 +0200] "GET /js/admin.js HTTP/1.1" 200 96172 "https://rescueme.io/admin/logon" "Mozilla/5.0 (Macintosh; Intel Mac OS X 10_15_7) AppleWebKit/605.1.15 (KHTML, like Gecko) Version/16.5.1 Safari/605.1.15"
92.220.74.8 - - [08/Jul/2023:14:51:15 +0200] "GET /admin/locale/translate.json.php HTTP/1.1" 200 779 "https://rescueme.io/admin/logon" "Mozilla/5.0 (Macintosh; Intel Mac OS X 10_15_7) AppleWebKit/605.1.15 (KHTML, like Gecko) Version/16.5.1 Safari/605.1.15"
92.220.74.8 - - [08/Jul/2023:14:51:15 +0200] "GET /admin/locale/translate.json.php HTTP/1.1" 200 779 "https://rescueme.io/admin/logon" "Mozilla/5.0 (Macintosh; Intel Mac OS X 10_15_7) AppleWebKit/605.1.15 (KHTML, like Gecko) Version/16.5.1 Safari/605.1.15"
92.220.74.8 - - [08/Jul/2023:14:51:16 +0200] "GET /admin/locale/translate.json.php HTTP/1.1" 200 779 "https://rescueme.io/admin/logon" "Mozilla/5.0 (Macintosh; Intel Mac OS X 10_15_7) AppleWebKit/605.1.15 (KHTML, like Gecko) Version/16.5.1 Safari/605.1.15"
92.220.74.8 - - [08/Jul/2023:14:51:16 +0200] "GET /img/favicon.ico HTTP/1.1" 200 17341 "https://rescueme.io/admin/logon" "Mozilla/5.0 (Macintosh; Intel Mac OS X 10_15_7) AppleWebKit/605.1.15 (KHTML, like Gecko) Version/16.5.1 Safari/605.1.15"
92.220.74.8 - - [08/Jul/2023:14:51:16 +0200] "GET /admin/logon HTTP/1.1" 200 6302 "-" "Mozilla/5.0 (Macintosh; Intel Mac OS X 10_15_7) AppleWebKit/605.1.15 (KHTML, like Gecko) Version/16.5.1 Safari/605.1.15"
92.220.74.8 - - [08/Jul/2023:14:51:16 +0200] "GET /img/rescueme-non-trans.png HTTP/1.1" 200 10191 "-" "Safari/18615.2.9.11.7 CFNetwork/1408.0.4 Darwin/22.5.0"
92.220.74.8 - - [08/Jul/2023:14:51:16 +0200] "GET /admin/locale/translate.json.php HTTP/1.1" 200 779 "https://rescueme.io/admin/logon" "Mozilla/5.0 (Macintosh; Intel Mac OS X 10_15_7) AppleWebKit/605.1.15 (KHTML, like Gecko) Version/16.5.1 Safari/605.1.15"
92.220.74.8 - - [08/Jul/2023:14:51:16 +0200] "GET /admin/locale/translate.json.php HTTP/1.1" 200 779 "https://rescueme.io/admin/logon" "Mozilla/5.0 (Macintosh; Intel Mac OS X 10_15_7) AppleWebKit/605.1.15 (KHTML, like Gecko) Version/16.5.1 Safari/605.1.15"
92.220.74.8 - - [08/Jul/2023:14:51:16 +0200] "GET /admin/locale/translate.json.php HTTP/1.1" 200 779 "https://rescueme.io/admin/logon" "Mozilla/5.0 (Macintosh; Intel Mac OS X 10_15_7) AppleWebKit/605.1.15 (KHTML, like Gecko) Version/16.5.1 Safari/605.1.15"
109.247.73.50 - - [08/Jul/2023:14:49:33 +0200] "GET /admin/positions/9061?num=0&_=1688809446607 HTTP/1.1" 200 610 "https://rescueme.io/admin/missing/9061" "Mozilla/5.0 (Windows NT 10.0; Win64; x64) AppleWebKit/537.36 (KHTML, like Gecko) Chrome/114.0.0.0 Safari/537.36"
92.220.74.8 - - [08/Jul/2023:14:51:58 +0200] "GET /admin/logon HTTP/1.1" 200 6302 "-" "Mozilla/5.0 (Macintosh; Intel Mac OS X 10_15_7) AppleWebKit/605.1.15 (KHTML, like Gecko) Version/16.5.1 Safari/605.1.15"
92.220.74.8 - - [08/Jul/2023:14:51:58 +0200] "GET /admin/locale/translate.json.php HTTP/1.1" 200 779 "https://rescueme.io/admin/logon" "Mozilla/5.0 (Macintosh; Intel Mac OS X 10_15_7) AppleWebKit/605.1.15 (KHTML, like Gecko) Version/16.5.1 Safari/605.1.15"
92.220.74.8 - - [08/Jul/2023:14:51:58 +0200] "GET /admin/locale/translate.json.php HTTP/1.1" 200 779 "https://rescueme.io/admin/logon" "Mozilla/5.0 (Macintosh; Intel Mac OS X 10_15_7) AppleWebKit/605.1.15 (KHTML, like Gecko) Version/16.5.1 Safari/605.1.15"
92.220.74.8 - - [08/Jul/2023:14:51:58 +0200] "GET /admin/locale/translate.json.php HTTP/1.1" 200 779 "https://rescueme.io/admin/logon" "Mozilla/5.0 (Macintosh; Intel Mac OS X 10_15_7) AppleWebKit/605.1.15 (KHTML, like Gecko) Version/16.5.1 Safari/605.1.15"
92.220.74.8 - - [08/Jul/2023:14:52:01 +0200] "GET /admin/logon HTTP/1.1" 200 1650 "-" "Mozilla/5.0 (Macintosh; Intel Mac OS X 10_15_7) AppleWebKit/605.1.15 (KHTML, like Gecko) Version/16.5.1 Safari/605.1.15"
92.220.74.8 - - [08/Jul/2023:14:52:01 +0200] "GET /admin/locale/translate.json.php HTTP/1.1" 200 779 "https://rescueme.io/admin/logon" "Mozilla/5.0 (Macintosh; Intel Mac OS X 10_15_7) AppleWebKit/605.1.15 (KHTML, like Gecko) Version/16.5.1 Safari/605.1.15"
92.220.74.8 - - [08/Jul/2023:14:52:01 +0200] "GET /admin/locale/translate.json.php HTTP/1.1" 200 779 "https://rescueme.io/admin/logon" "Mozilla/5.0 (Macintosh; Intel Mac OS X 10_15_7) AppleWebKit/605.1.15 (KHTML, like Gecko) Version/16.5.1 Safari/605.1.15"
92.220.74.8 - - [08/Jul/2023:14:52:01 +0200] "GET /admin/locale/translate.json.php HTTP/1.1" 200 779 "https://rescueme.io/admin/logon" "Mozilla/5.0 (Macintosh; Intel Mac OS X 10_15_7) AppleWebKit/605.1.15 (KHTML, like Gecko) Version/16.5.1 Safari/605.1.15"
109.247.73.50 - - [08/Jul/2023:14:51:24 +0200] "GET /admin/positions/9061?num=0&_=1688809446608 HTTP/1.1" 200 610 "https://rescueme.io/admin/missing/9061" "Mozilla/5.0 (Windows NT 10.0; Win64; x64) AppleWebKit/537.36 (KHTML, like Gecko) Chrome/114.0.0.0 Safari/537.36"
109.247.73.50 - - [08/Jul/2023:14:53:16 +0200] "GET /admin/positions/9061?num=0&_=1688809446609 HTTP/1.1" 200 610 "https://rescueme.io/admin/missing/9061" "Mozilla/5.0 (Windows NT 10.0; Win64; x64) AppleWebKit/537.36 (KHTML, like Gecko) Chrome/114.0.0.0 Safari/537.36"
198.235.24.35 - - [08/Jul/2023:14:55:27 +0200] "GET / HTTP/1.1" 200 8812 "-" "-"
109.247.73.50 - - [08/Jul/2023:14:55:07 +0200] "GET /admin/positions/9061?num=0&_=1688809446610 HTTP/1.1" 200 610 "https://rescueme.io/admin/missing/9061" "Mozilla/5.0 (Windows NT 10.0; Win64; x64) AppleWebKit/537.36 (KHTML, like Gecko) Chrome/114.0.0.0 Safari/537.36"
109.247.73.50 - - [08/Jul/2023:14:56:58 +0200] "GET /admin/positions/9061?num=0&_=1688809446611 HTTP/1.1" 200 610 "https://rescueme.io/admin/missing/9061" "Mozilla/5.0 (Windows NT 10.0; Win64; x64) AppleWebKit/537.36 (KHTML, like Gecko) Chrome/114.0.0.0 Safari/537.36"
109.247.73.50 - - [08/Jul/2023:14:58:49 +0200] "GET /admin/positions/9061?num=0&_=1688809446612 HTTP/1.1" 200 610 "https://rescueme.io/admin/missing/9061" "Mozilla/5.0 (Windows NT 10.0; Win64; x64) AppleWebKit/537.36 (KHTML, like Gecko) Chrome/114.0.0.0 Safari/537.36"
109.247.73.50 - - [08/Jul/2023:15:00:40 +0200] "GET /admin/positions/9061?num=0&_=1688809446613 HTTP/1.1" 200 610 "https://rescueme.io/admin/missing/9061" "Mozilla/5.0 (Windows NT 10.0; Win64; x64) AppleWebKit/537.36 (KHTML, like Gecko) Chrome/114.0.0.0 Safari/537.36"
109.247.73.50 - - [08/Jul/2023:15:02:31 +0200] "GET /admin/positions/9061?num=0&_=1688809446614 HTTP/1.1" 200 610 "https://rescueme.io/admin/missing/9061" "Mozilla/5.0 (Windows NT 10.0; Win64; x64) AppleWebKit/537.36 (KHTML, like Gecko) Chrome/114.0.0.0 Safari/537.36"
109.247.73.50 - - [08/Jul/2023:15:04:23 +0200] "GET /admin/positions/9061?num=0&_=1688809446615 HTTP/1.1" 200 610 "https://rescueme.io/admin/missing/9061" "Mozilla/5.0 (Windows NT 10.0; Win64; x64) AppleWebKit/537.36 (KHTML, like Gecko) Chrome/114.0.0.0 Safari/537.36"
109.247.73.50 - - [08/Jul/2023:15:06:14 +0200] "GET /admin/positions/9061?num=0&_=1688809446616 HTTP/1.1" 200 610 "https://rescueme.io/admin/missing/9061" "Mozilla/5.0 (Windows NT 10.0; Win64; x64) AppleWebKit/537.36 (KHTML, like Gecko) Chrome/114.0.0.0 Safari/537.36"
109.247.73.50 - - [08/Jul/2023:15:08:05 +0200] "GET /admin/positions/9061?num=0&_=1688809446617 HTTP/1.1" 200 610 "https://rescueme.io/admin/missing/9061" "Mozilla/5.0 (Windows NT 10.0; Win64; x64) AppleWebKit/537.36 (KHTML, like Gecko) Chrome/114.0.0.0 Safari/537.36"
109.247.73.50 - - [08/Jul/2023:15:09:56 +0200] "GET /admin/positions/9061?num=0&_=1688809446618 HTTP/1.1" 200 610 "https://rescueme.io/admin/missing/9061" "Mozilla/5.0 (Windows NT 10.0; Win64; x64) AppleWebKit/537.36 (KHTML, like Gecko) Chrome/114.0.0.0 Safari/537.36"
109.247.73.50 - - [08/Jul/2023:15:11:47 +0200] "GET /admin/positions/9061?num=0&_=1688809446619 HTTP/1.1" 200 610 "https://rescueme.io/admin/missing/9061" "Mozilla/5.0 (Windows NT 10.0; Win64; x64) AppleWebKit/537.36 (KHTML, like Gecko) Chrome/114.0.0.0 Safari/537.36"
109.247.73.50 - - [08/Jul/2023:15:13:38 +0200] "GET /admin/positions/9061?num=0&_=1688809446620 HTTP/1.1" 200 610 "https://rescueme.io/admin/missing/9061" "Mozilla/5.0 (Windows NT 10.0; Win64; x64) AppleWebKit/537.36 (KHTML, like Gecko) Chrome/114.0.0.0 Safari/537.36"
109.247.73.50 - - [08/Jul/2023:15:15:29 +0200] "GET /admin/positions/9061?num=0&_=1688809446621 HTTP/1.1" 200 610 "https://rescueme.io/admin/missing/9061" "Mozilla/5.0 (Windows NT 10.0; Win64; x64) AppleWebKit/537.36 (KHTML, like Gecko) Chrome/114.0.0.0 Safari/537.36"
109.247.73.50 - - [08/Jul/2023:15:17:21 +0200] "GET /admin/positions/9061?num=0&_=1688809446622 HTTP/1.1" 200 610 "https://rescueme.io/admin/missing/9061" "Mozilla/5.0 (Windows NT 10.0; Win64; x64) AppleWebKit/537.36 (KHTML, like Gecko) Chrome/114.0.0.0 Safari/537.36"
109.247.73.50 - - [08/Jul/2023:15:19:12 +0200] "GET /admin/positions/9061?num=0&_=1688809446623 HTTP/1.1" 200 610 "https://rescueme.io/admin/missing/9061" "Mozilla/5.0 (Windows NT 10.0; Win64; x64) AppleWebKit/537.36 (KHTML, like Gecko) Chrome/114.0.0.0 Safari/537.36"
109.247.73.50 - - [08/Jul/2023:15:21:03 +0200] "GET /admin/positions/9061?num=0&_=1688809446624 HTTP/1.1" 200 610 "https://rescueme.io/admin/missing/9061" "Mozilla/5.0 (Windows NT 10.0; Win64; x64) AppleWebKit/537.36 (KHTML, like Gecko) Chrome/114.0.0.0 Safari/537.36"
109.247.73.50 - - [08/Jul/2023:15:22:55 +0200] "GET /admin/positions/9061?num=0&_=1688809446625 HTTP/1.1" 200 610 "https://rescueme.io/admin/missing/9061" "Mozilla/5.0 (Windows NT 10.0; Win64; x64) AppleWebKit/537.36 (KHTML, like Gecko) Chrome/114.0.0.0 Safari/537.36"
130.255.166.24 - - [08/Jul/2023:15:25:03 +0200] "GET /robots.txt HTTP/1.1" 200 346 "-" "Mozilla/5.0 (Linux; Android 8.1.0; jhs561 Build/GIADA.eng.zc.20200922.153858; wv) AppleWebKit/537.36 (KHTML, like Gecko) Version/4.0 Chrome/81.0.4044.138 Safari/537.36"
130.255.166.98 - - [08/Jul/2023:15:25:03 +0200] "GET /humans.txt HTTP/1.1" 404 463 "-" "Mozilla/5.0 (Linux; Android 8.1.0; jhs561 Build/GIADA.eng.zc.20200922.153858; wv) AppleWebKit/537.36 (KHTML, like Gecko) Version/4.0 Chrome/81.0.4044.138 Safari/537.36"
130.255.166.122 - - [08/Jul/2023:15:25:03 +0200] "GET /ads.txt HTTP/1.1" 404 461 "-" "Mozilla/5.0 (Linux; Android 8.1.0; jhs561 Build/GIADA.eng.zc.20200922.153858; wv) AppleWebKit/537.36 (KHTML, like Gecko) Version/4.0 Chrome/81.0.4044.138 Safari/537.36"
130.255.166.121 - - [08/Jul/2023:15:25:04 +0200] "GET / HTTP/1.1" 200 2295 "-" "Mozilla/5.0 (Linux; Android 8.1.0; jhs561 Build/GIADA.eng.zc.20200922.153858; wv) AppleWebKit/537.36 (KHTML, like Gecko) Version/4.0 Chrome/81.0.4044.138 Safari/537.36"
109.247.73.50 - - [08/Jul/2023:15:24:46 +0200] "GET /admin/positions/9061?num=0&_=1688809446626 HTTP/1.1" 200 610 "https://rescueme.io/admin/missing/9061" "Mozilla/5.0 (Windows NT 10.0; Win64; x64) AppleWebKit/537.36 (KHTML, like Gecko) Chrome/114.0.0.0 Safari/537.36"
109.247.73.50 - - [08/Jul/2023:15:26:37 +0200] "GET /admin/positions/9061?num=0&_=1688809446627 HTTP/1.1" 200 610 "https://rescueme.io/admin/missing/9061" "Mozilla/5.0 (Windows NT 10.0; Win64; x64) AppleWebKit/537.36 (KHTML, like Gecko) Chrome/114.0.0.0 Safari/537.36"
109.247.73.50 - - [08/Jul/2023:15:28:29 +0200] "GET /admin/positions/9061?num=0&_=1688809446628 HTTP/1.1" 200 610 "https://rescueme.io/admin/missing/9061" "Mozilla/5.0 (Windows NT 10.0; Win64; x64) AppleWebKit/537.36 (KHTML, like Gecko) Chrome/114.0.0.0 Safari/537.36"
109.247.73.50 - - [08/Jul/2023:15:30:20 +0200] "GET /admin/positions/9061?num=0&_=1688809446629 HTTP/1.1" 200 610 "https://rescueme.io/admin/missing/9061" "Mozilla/5.0 (Windows NT 10.0; Win64; x64) AppleWebKit/537.36 (KHTML, like Gecko) Chrome/114.0.0.0 Safari/537.36"
109.247.73.50 - - [08/Jul/2023:15:32:11 +0200] "GET /admin/positions/9061?num=0&_=1688809446630 HTTP/1.1" 200 610 "https://rescueme.io/admin/missing/9061" "Mozilla/5.0 (Windows NT 10.0; Win64; x64) AppleWebKit/537.36 (KHTML, like Gecko) Chrome/114.0.0.0 Safari/537.36"
109.247.73.50 - - [08/Jul/2023:15:34:03 +0200] "GET /admin/positions/9061?num=0&_=1688809446631 HTTP/1.1" 200 610 "https://rescueme.io/admin/missing/9061" "Mozilla/5.0 (Windows NT 10.0; Win64; x64) AppleWebKit/537.36 (KHTML, like Gecko) Chrome/114.0.0.0 Safari/537.36"
109.247.73.50 - - [08/Jul/2023:15:35:54 +0200] "GET /admin/positions/9061?num=0&_=1688809446632 HTTP/1.1" 200 610 "https://rescueme.io/admin/missing/9061" "Mozilla/5.0 (Windows NT 10.0; Win64; x64) AppleWebKit/537.36 (KHTML, like Gecko) Chrome/114.0.0.0 Safari/537.36"
109.247.73.50 - - [08/Jul/2023:15:37:45 +0200] "GET /admin/positions/9061?num=0&_=1688809446633 HTTP/1.1" 200 610 "https://rescueme.io/admin/missing/9061" "Mozilla/5.0 (Windows NT 10.0; Win64; x64) AppleWebKit/537.36 (KHTML, like Gecko) Chrome/114.0.0.0 Safari/537.36"
109.247.73.50 - - [08/Jul/2023:15:39:37 +0200] "GET /admin/positions/9061?num=0&_=1688809446634 HTTP/1.1" 200 610 "https://rescueme.io/admin/missing/9061" "Mozilla/5.0 (Windows NT 10.0; Win64; x64) AppleWebKit/537.36 (KHTML, like Gecko) Chrome/114.0.0.0 Safari/537.36"
109.247.73.50 - - [08/Jul/2023:15:41:28 +0200] "GET /admin/positions/9061?num=0&_=1688809446635 HTTP/1.1" 200 610 "https://rescueme.io/admin/missing/9061" "Mozilla/5.0 (Windows NT 10.0; Win64; x64) AppleWebKit/537.36 (KHTML, like Gecko) Chrome/114.0.0.0 Safari/537.36"
109.247.73.50 - - [08/Jul/2023:15:43:19 +0200] "GET /admin/positions/9061?num=0&_=1688809446636 HTTP/1.1" 200 610 "https://rescueme.io/admin/missing/9061" "Mozilla/5.0 (Windows NT 10.0; Win64; x64) AppleWebKit/537.36 (KHTML, like Gecko) Chrome/114.0.0.0 Safari/537.36"
109.247.73.50 - - [08/Jul/2023:15:45:11 +0200] "GET /admin/positions/9061?num=0&_=1688809446637 HTTP/1.1" 200 610 "https://rescueme.io/admin/missing/9061" "Mozilla/5.0 (Windows NT 10.0; Win64; x64) AppleWebKit/537.36 (KHTML, like Gecko) Chrome/114.0.0.0 Safari/537.36"
109.247.73.50 - - [08/Jul/2023:15:47:02 +0200] "GET /admin/positions/9061?num=0&_=1688809446638 HTTP/1.1" 200 610 "https://rescueme.io/admin/missing/9061" "Mozilla/5.0 (Windows NT 10.0; Win64; x64) AppleWebKit/537.36 (KHTML, like Gecko) Chrome/114.0.0.0 Safari/537.36"
109.247.73.50 - - [08/Jul/2023:15:48:53 +0200] "GET /admin/positions/9061?num=0&_=1688809446639 HTTP/1.1" 200 610 "https://rescueme.io/admin/missing/9061" "Mozilla/5.0 (Windows NT 10.0; Win64; x64) AppleWebKit/537.36 (KHTML, like Gecko) Chrome/114.0.0.0 Safari/537.36"
109.247.73.50 - - [08/Jul/2023:15:50:45 +0200] "GET /admin/positions/9061?num=0&_=1688809446640 HTTP/1.1" 200 610 "https://rescueme.io/admin/missing/9061" "Mozilla/5.0 (Windows NT 10.0; Win64; x64) AppleWebKit/537.36 (KHTML, like Gecko) Chrome/114.0.0.0 Safari/537.36"
109.247.73.50 - - [08/Jul/2023:15:52:36 +0200] "GET /admin/positions/9061?num=0&_=1688809446641 HTTP/1.1" 200 610 "https://rescueme.io/admin/missing/9061" "Mozilla/5.0 (Windows NT 10.0; Win64; x64) AppleWebKit/537.36 (KHTML, like Gecko) Chrome/114.0.0.0 Safari/537.36"
46.15.132.115 - - [08/Jul/2023:15:56:13 +0200] "GET /stats.php HTTP/1.1" 200 5845 "-" "Mozilla/5.0 (Linux; Android 10; K) AppleWebKit/537.36 (KHTML, like Gecko) Chrome/114.0.0.0 Mobile Safari/537.36"
46.15.132.115 - - [08/Jul/2023:15:56:13 +0200] "GET /favicon.ico HTTP/1.1" 404 615 "https://rescueme.io/stats.php" "Mozilla/5.0 (Linux; Android 10; K) AppleWebKit/537.36 (KHTML, like Gecko) Chrome/114.0.0.0 Mobile Safari/537.36"
46.15.132.115 - - [08/Jul/2023:15:56:16 +0200] "GET /stats.php HTTP/1.1" 200 1125 "-" "Mozilla/5.0 (Linux; Android 10; K) AppleWebKit/537.36 (KHTML, like Gecko) Chrome/114.0.0.0 Mobile Safari/537.36"
109.247.73.50 - - [08/Jul/2023:15:54:27 +0200] "GET /admin/positions/9061?num=0&_=1688809446642 HTTP/1.1" 200 609 "https://rescueme.io/admin/missing/9061" "Mozilla/5.0 (Windows NT 10.0; Win64; x64) AppleWebKit/537.36 (KHTML, like Gecko) Chrome/114.0.0.0 Safari/537.36"
46.15.132.115 - - [08/Jul/2023:15:56:21 +0200] "GET / HTTP/1.1" 200 7031 "-" "Mozilla/5.0 (Linux; Android 10; K) AppleWebKit/537.36 (KHTML, like Gecko) Chrome/114.0.0.0 Mobile Safari/537.36"
46.15.132.115 - - [08/Jul/2023:15:56:21 +0200] "GET /css/index.css HTTP/1.1" 200 22623 "https://rescueme.io/" "Mozilla/5.0 (Linux; Android 10; K) AppleWebKit/537.36 (KHTML, like Gecko) Chrome/114.0.0.0 Mobile Safari/537.36"
46.15.132.115 - - [08/Jul/2023:15:56:21 +0200] "GET /js/index.js HTTP/1.1" 200 50289 "https://rescueme.io/" "Mozilla/5.0 (Linux; Android 10; K) AppleWebKit/537.36 (KHTML, like Gecko) Chrome/114.0.0.0 Mobile Safari/537.36"
46.15.132.115 - - [08/Jul/2023:15:56:22 +0200] "GET /img/favicon.ico HTTP/1.1" 200 17341 "https://rescueme.io/" "Mozilla/5.0 (Linux; Android 10; K) AppleWebKit/537.36 (KHTML, like Gecko) Chrome/114.0.0.0 Mobile Safari/537.36"
46.15.132.115 - - [08/Jul/2023:15:56:22 +0200] "GET /img/rescueme-non-trans.png HTTP/1.1" 200 5539 "https://rescueme.io/" "Mozilla/5.0 (Linux; Android 10; K) AppleWebKit/537.36 (KHTML, like Gecko) Chrome/114.0.0.0 Mobile Safari/537.36"
46.15.132.115 - - [08/Jul/2023:15:56:23 +0200] "GET /admin/ HTTP/1.1" 200 1600 "https://rescueme.io/" "Mozilla/5.0 (Linux; Android 10; K) AppleWebKit/537.36 (KHTML, like Gecko) Chrome/114.0.0.0 Mobile Safari/537.36"
46.15.132.115 - - [08/Jul/2023:15:56:23 +0200] "GET /css/admin.css HTTP/1.1" 200 25150 "https://rescueme.io/admin/" "Mozilla/5.0 (Linux; Android 10; K) AppleWebKit/537.36 (KHTML, like Gecko) Chrome/114.0.0.0 Mobile Safari/537.36"
46.15.132.115 - - [08/Jul/2023:15:56:23 +0200] "GET /js/admin.js HTTP/1.1" 200 91520 "https://rescueme.io/admin/" "Mozilla/5.0 (Linux; Android 10; K) AppleWebKit/537.36 (KHTML, like Gecko) Chrome/114.0.0.0 Mobile Safari/537.36"
46.15.132.115 - - [08/Jul/2023:15:56:24 +0200] "GET /admin/locale/translate.json.php HTTP/1.1" 200 779 "https://rescueme.io/admin/" "Mozilla/5.0 (Linux; Android 10; K) AppleWebKit/537.36 (KHTML, like Gecko) Chrome/114.0.0.0 Mobile Safari/537.36"
46.15.132.115 - - [08/Jul/2023:15:56:24 +0200] "GET /admin/locale/translate.json.php HTTP/1.1" 200 779 "https://rescueme.io/admin/" "Mozilla/5.0 (Linux; Android 10; K) AppleWebKit/537.36 (KHTML, like Gecko) Chrome/114.0.0.0 Mobile Safari/537.36"
46.15.132.115 - - [08/Jul/2023:15:56:27 +0200] "POST /admin/logon HTTP/1.1" 200 1979 "https://rescueme.io/admin/" "Mozilla/5.0 (Linux; Android 10; K) AppleWebKit/537.36 (KHTML, like Gecko) Chrome/114.0.0.0 Mobile Safari/537.36"
46.15.132.115 - - [08/Jul/2023:15:56:27 +0200] "GET /admin/locale/translate.json.php HTTP/1.1" 200 758 "https://rescueme.io/admin/logon" "Mozilla/5.0 (Linux; Android 10; K) AppleWebKit/537.36 (KHTML, like Gecko) Chrome/114.0.0.0 Mobile Safari/537.36"
46.15.132.115 - - [08/Jul/2023:15:56:27 +0200] "GET /admin/locale/translate.json.php HTTP/1.1" 200 758 "https://rescueme.io/admin/logon" "Mozilla/5.0 (Linux; Android 10; K) AppleWebKit/537.36 (KHTML, like Gecko) Chrome/114.0.0.0 Mobile Safari/537.36"
46.15.132.115 - - [08/Jul/2023:15:56:29 +0200] "GET /admin/missing/new HTTP/1.1" 200 4690 "https://rescueme.io/admin/logon" "Mozilla/5.0 (Linux; Android 10; K) AppleWebKit/537.36 (KHTML, like Gecko) Chrome/114.0.0.0 Mobile Safari/537.36"
46.15.132.115 - - [08/Jul/2023:15:56:30 +0200] "GET /admin/locale/translate.json.php HTTP/1.1" 200 758 "https://rescueme.io/admin/missing/new" "Mozilla/5.0 (Linux; Android 10; K) AppleWebKit/537.36 (KHTML, like Gecko) Chrome/114.0.0.0 Mobile Safari/537.36"
46.15.132.115 - - [08/Jul/2023:15:56:30 +0200] "GET /admin/locale/translate.json.php HTTP/1.1" 200 758 "https://rescueme.io/admin/missing/new" "Mozilla/5.0 (Linux; Android 10; K) AppleWebKit/537.36 (KHTML, like Gecko) Chrome/114.0.0.0 Mobile Safari/537.36"
46.15.132.115 - - [08/Jul/2023:15:56:30 +0200] "GET /img/glyphicons-halflings.png HTTP/1.1" 200 13150 "https://rescueme.io/css/admin.css" "Mozilla/5.0 (Linux; Android 10; K) AppleWebKit/537.36 (KHTML, like Gecko) Chrome/114.0.0.0 Mobile Safari/537.36"
46.15.132.115 - - [08/Jul/2023:15:56:30 +0200] "GET /img/glyphicons-halflings-white.png HTTP/1.1" 200 9127 "https://rescueme.io/css/admin.css" "Mozilla/5.0 (Linux; Android 10; K) AppleWebKit/537.36 (KHTML, like Gecko) Chrome/114.0.0.0 Mobile Safari/537.36"
46.15.132.115 - - [08/Jul/2023:15:56:54 +0200] "POST /admin/missing/new HTTP/1.1" 302 782 "https://rescueme.io/admin/missing/new" "Mozilla/5.0 (Linux; Android 10; K) AppleWebKit/537.36 (KHTML, like Gecko) Chrome/114.0.0.0 Mobile Safari/537.36"
46.15.132.115 - - [08/Jul/2023:15:56:54 +0200] "GET /admin/missing/9077 HTTP/1.1" 200 3219 "https://rescueme.io/admin/missing/new" "Mozilla/5.0 (Linux; Android 10; K) AppleWebKit/537.36 (KHTML, like Gecko) Chrome/114.0.0.0 Mobile Safari/537.36"
46.15.132.115 - - [08/Jul/2023:15:56:54 +0200] "GET /js/map.js HTTP/1.1" 200 2225 "https://rescueme.io/admin/missing/9077" "Mozilla/5.0 (Linux; Android 10; K) AppleWebKit/537.36 (KHTML, like Gecko) Chrome/114.0.0.0 Mobile Safari/537.36"
46.15.132.115 - - [08/Jul/2023:15:56:55 +0200] "GET /admin/locale/translate.json.php HTTP/1.1" 200 758 "https://rescueme.io/admin/missing/9077" "Mozilla/5.0 (Linux; Android 10; K) AppleWebKit/537.36 (KHTML, like Gecko) Chrome/114.0.0.0 Mobile Safari/537.36"
46.15.132.115 - - [08/Jul/2023:15:56:55 +0200] "GET /admin/locale/translate.json.php HTTP/1.1" 200 758 "https://rescueme.io/admin/missing/9077" "Mozilla/5.0 (Linux; Android 10; K) AppleWebKit/537.36 (KHTML, like Gecko) Chrome/114.0.0.0 Mobile Safari/537.36"
46.15.132.115 - - [08/Jul/2023:15:56:55 +0200] "GET /admin/img/glyphicons-halflings-white.png HTTP/1.1" 200 9127 "https://rescueme.io/css/admin.css" "Mozilla/5.0 (Linux; Android 10; K) AppleWebKit/537.36 (KHTML, like Gecko) Chrome/114.0.0.0 Mobile Safari/537.36"
216.147.7.17 - - [08/Jul/2023:15:56:55 +0200] "GET /sms/callback/28?msisdn=4793258930&to=RodeKors&network-code=24205&messageId=e9c23b9b-ed3a-44a0-8183-17bb7e528100&price=0.05800000&status=accepted&scts=2307081356&err-code=0&api-key=f370c540&message-timestamp=2023-07-08+13%3A56%3A55 HTTP/1.1" 200 4847 "-" "Nexmo/MessagingHUB/v1.0"
216.147.7.145 - - [08/Jul/2023:15:56:57 +0200] "GET /sms/callback/28?msisdn=4793258930&to=RodeKors&network-code=24205&messageId=e9c23b9b-ed3a-44a0-8183-17bb7e528100&price=0.05800000&status=delivered&scts=2307081556&err-code=0&api-key=f370c540&message-timestamp=2023-07-08+13%3A56%3A57 HTTP/1.1" 200 4847 "-" "Nexmo/MessagingHUB/v1.0"
46.15.132.115 - - [08/Jul/2023:15:57:03 +0200] "GET /l/NyH HTTP/1.1" 200 2572 "-" "Mozilla/5.0 (Linux; Android 10; K) AppleWebKit/537.36 (KHTML, like Gecko) Chrome/114.0.0.0 Mobile Safari/537.36"
46.15.132.115 - - [08/Jul/2023:15:57:04 +0200] "GET /img/loading.gif HTTP/1.1" 200 2198 "https://rescueme.io/l/NyH" "Mozilla/5.0 (Linux; Android 10; K) AppleWebKit/537.36 (KHTML, like Gecko) Chrome/114.0.0.0 Mobile Safari/537.36"
46.15.132.115 - - [08/Jul/2023:15:57:10 +0200] "GET /r/NyH/59.7162115/9.611529/48/212.6999969482422/1688824631279 HTTP/1.1" 200 787 "https://rescueme.io/l/NyH" "Mozilla/5.0 (Linux; Android 10; K) AppleWebKit/537.36 (KHTML, like Gecko) Chrome/114.0.0.0 Mobile Safari/537.36"
46.15.132.115 - - [08/Jul/2023:15:56:55 +0200] "GET /admin/positions/9077?num=0&_=1688824615846 HTTP/1.1" 200 934 "https://rescueme.io/admin/missing/9077" "Mozilla/5.0 (Linux; Android 10; K) AppleWebKit/537.36 (KHTML, like Gecko) Chrome/114.0.0.0 Mobile Safari/537.36"
216.147.7.145 - - [08/Jul/2023:15:57:11 +0200] "GET /sms/callback/28?msisdn=4793258930&to=RodeKors&network-code=24205&messageId=7510ea5d-d04e-4dd5-98c7-28e075997ddd&price=0.05800000&status=accepted&scts=2307081357&err-code=0&api-key=f370c540&message-timestamp=2023-07-08+13%3A57%3A11 HTTP/1.1" 200 4847 "-" "Nexmo/MessagingHUB/v1.0"
216.147.7.17 - - [08/Jul/2023:15:57:13 +0200] "GET /sms/callback/28?msisdn=4793258930&to=RodeKors&network-code=24205&messageId=7510ea5d-d04e-4dd5-98c7-28e075997ddd&price=0.05800000&status=delivered&scts=2307081557&err-code=0&api-key=f370c540&message-timestamp=2023-07-08+13%3A57%3A13 HTTP/1.1" 200 4847 "-" "Nexmo/MessagingHUB/v1.0"
46.15.132.115 - - [08/Jul/2023:15:57:22 +0200] "GET /l/NyH HTTP/1.1" 200 2572 "https://rescueme.io/l/NyH" "Mozilla/5.0 (Linux; Android 10; K) AppleWebKit/537.36 (KHTML, like Gecko) Chrome/114.0.0.0 Mobile Safari/537.36"
46.15.132.115 - - [08/Jul/2023:15:57:27 +0200] "GET /r/NyH/59.7161305/9.6116759/12/212.6999969482422/1688824648000 HTTP/1.1" 200 649 "https://rescueme.io/l/NyH" "Mozilla/5.0 (Linux; Android 10; K) AppleWebKit/537.36 (KHTML, like Gecko) Chrome/114.0.0.0 Mobile Safari/537.36"
46.15.132.115 - - [08/Jul/2023:15:57:11 +0200] "GET /admin/positions/9077?num=1&_=1688824615847 HTTP/1.1" 200 796 "https://rescueme.io/admin/missing/9077" "Mozilla/5.0 (Linux; Android 10; K) AppleWebKit/537.36 (KHTML, like Gecko) Chrome/114.0.0.0 Mobile Safari/537.36"
216.147.7.17 - - [08/Jul/2023:15:57:27 +0200] "GET /sms/callback/28?msisdn=4793258930&to=RodeKors&network-code=24205&messageId=16825172-ad8a-47a4-bc09-421c877b53f4&price=0.05800000&status=accepted&scts=2307081357&err-code=0&api-key=f370c540&message-timestamp=2023-07-08+13%3A57%3A27 HTTP/1.1" 200 4847 "-" "Nexmo/MessagingHUB/v1.0"
66.249.65.73 - - [08/Jul/2023:15:57:28 +0200] "GET /robots.txt HTTP/1.1" 200 5150 "-" "Mozilla/5.0 (compatible; Googlebot/2.1; +http://www.google.com/bot.html)"
216.147.7.17 - - [08/Jul/2023:15:57:28 +0200] "GET /sms/callback/28?msisdn=4793258930&to=RodeKors&network-code=24205&messageId=16825172-ad8a-47a4-bc09-421c877b53f4&price=0.05800000&status=delivered&scts=2307081557&err-code=0&api-key=f370c540&message-timestamp=2023-07-08+13%3A57%3A28 HTTP/1.1" 200 391 "-" "Nexmo/MessagingHUB/v1.0"
66.249.88.98 - - [08/Jul/2023:15:57:29 +0200] "GET /admin/missing/9077 HTTP/1.1" 302 6371 "-" "Mozilla/5.0 (X11; Linux x86_64) AppleWebKit/537.36 (KHTML, like Gecko) Chrome/56.0.2924.87 Safari/537.36 Google-PageRenderer Google (+https://developers.google.com/+/web/snippet/)"
66.249.88.98 - - [08/Jul/2023:15:57:29 +0200] "GET /admin/logon?uri=missing%3Fid%3D9077 HTTP/1.1" 200 1683 "-" "Mozilla/5.0 (X11; Linux x86_64) AppleWebKit/537.36 (KHTML, like Gecko) Chrome/56.0.2924.87 Safari/537.36 Google-PageRenderer Google (+https://developers.google.com/+/web/snippet/)"
46.15.132.115 - - [08/Jul/2023:15:57:33 +0200] "GET /a/NyH HTTP/1.1" 200 5437 "https://rescueme.io/l/NyH" "Mozilla/5.0 (Linux; Android 10; K) AppleWebKit/537.36 (KHTML, like Gecko) Chrome/114.0.0.0 Mobile Safari/537.36"
46.15.132.115 - - [08/Jul/2023:15:57:37 +0200] "GET /l/NyH HTTP/1.1" 200 2434 "https://rescueme.io/l/NyH" "Mozilla/5.0 (Linux; Android 10; K) AppleWebKit/537.36 (KHTML, like Gecko) Chrome/114.0.0.0 Mobile Safari/537.36"
46.15.132.115 - - [08/Jul/2023:15:57:38 +0200] "GET /r/NyH/59.7160687/9.6116726/6/212.6999969482422/1688824659082 HTTP/1.1" 200 648 "https://rescueme.io/l/NyH" "Mozilla/5.0 (Linux; Android 10; K) AppleWebKit/537.36 (KHTML, like Gecko) Chrome/114.0.0.0 Mobile Safari/537.36"
46.15.132.115 - - [08/Jul/2023:15:57:27 +0200] "GET /admin/positions/9077?num=2&_=1688824615848 HTTP/1.1" 200 797 "https://rescueme.io/admin/missing/9077" "Mozilla/5.0 (Linux; Android 10; K) AppleWebKit/537.36 (KHTML, like Gecko) Chrome/114.0.0.0 Mobile Safari/537.36"
216.147.7.145 - - [08/Jul/2023:15:57:38 +0200] "GET /sms/callback/28?msisdn=4793258930&to=RodeKors&network-code=24205&messageId=b1cfcc88-78d9-4b33-9bb5-0dd717e20351&price=0.05800000&status=accepted&scts=2307081357&err-code=0&api-key=f370c540&message-timestamp=2023-07-08+13%3A57%3A38 HTTP/1.1" 200 4847 "-" "Nexmo/MessagingHUB/v1.0"
216.147.7.145 - - [08/Jul/2023:15:57:39 +0200] "GET /sms/callback/28?msisdn=4793258930&to=RodeKors&network-code=24205&messageId=b1cfcc88-78d9-4b33-9bb5-0dd717e20351&price=0.05800000&status=delivered&scts=2307081557&err-code=0&api-key=f370c540&message-timestamp=2023-07-08+13%3A57%3A39 HTTP/1.1" 200 391 "-" "Nexmo/MessagingHUB/v1.0"
109.247.73.50 - - [08/Jul/2023:15:56:19 +0200] "GET /admin/positions/9061?num=0&_=1688809446643 HTTP/1.1" 200 609 "https://rescueme.io/admin/missing/9061" "Mozilla/5.0 (Windows NT 10.0; Win64; x64) AppleWebKit/537.36 (KHTML, like Gecko) Chrome/114.0.0.0 Safari/537.36"
79.160.136.34 - - [08/Jul/2023:15:59:15 +0200] "GET /admin/missing/new HTTP/1.1" 302 6300 "https://rescueme.io/admin/missing/list" "Mozilla/5.0 (Windows NT 10.0; Win64; x64) AppleWebKit/537.36 (KHTML, like Gecko) Chrome/114.0.0.0 Safari/537.36"
79.160.136.34 - - [08/Jul/2023:15:59:16 +0200] "GET /admin/logon?uri=missing%2Fnew%3F HTTP/1.1" 200 1610 "https://rescueme.io/admin/missing/list" "Mozilla/5.0 (Windows NT 10.0; Win64; x64) AppleWebKit/537.36 (KHTML, like Gecko) Chrome/114.0.0.0 Safari/537.36"
79.160.136.34 - - [08/Jul/2023:15:59:16 +0200] "GET /css/admin.css HTTP/1.1" 304 264 "https://rescueme.io/admin/logon?uri=missing%2Fnew%3F" "Mozilla/5.0 (Windows NT 10.0; Win64; x64) AppleWebKit/537.36 (KHTML, like Gecko) Chrome/114.0.0.0 Safari/537.36"
79.160.136.34 - - [08/Jul/2023:15:59:16 +0200] "GET /js/admin.js HTTP/1.1" 304 4915 "https://rescueme.io/admin/logon?uri=missing%2Fnew%3F" "Mozilla/5.0 (Windows NT 10.0; Win64; x64) AppleWebKit/537.36 (KHTML, like Gecko) Chrome/114.0.0.0 Safari/537.36"
79.160.136.34 - - [08/Jul/2023:15:59:16 +0200] "GET /admin/locale/translate.json.php HTTP/1.1" 200 917 "https://rescueme.io/admin/logon?uri=missing%2Fnew%3F" "Mozilla/5.0 (Windows NT 10.0; Win64; x64) AppleWebKit/537.36 (KHTML, like Gecko) Chrome/114.0.0.0 Safari/537.36"
79.160.136.34 - - [08/Jul/2023:15:59:16 +0200] "GET /admin/locale/translate.json.php HTTP/1.1" 200 779 "https://rescueme.io/admin/logon?uri=missing%2Fnew%3F" "Mozilla/5.0 (Windows NT 10.0; Win64; x64) AppleWebKit/537.36 (KHTML, like Gecko) Chrome/114.0.0.0 Safari/537.36"
79.160.136.34 - - [08/Jul/2023:15:59:16 +0200] "GET /admin/locale/translate.json.php HTTP/1.1" 200 779 "https://rescueme.io/admin/logon?uri=missing%2Fnew%3F" "Mozilla/5.0 (Windows NT 10.0; Win64; x64) AppleWebKit/537.36 (KHTML, like Gecko) Chrome/114.0.0.0 Safari/537.36"
79.160.136.34 - - [08/Jul/2023:15:59:19 +0200] "POST /admin/logon?uri=missing/new? HTTP/1.1" 302 1901 "https://rescueme.io/admin/logon?uri=missing%2Fnew%3F" "Mozilla/5.0 (Windows NT 10.0; Win64; x64) AppleWebKit/537.36 (KHTML, like Gecko) Chrome/114.0.0.0 Safari/537.36"
79.160.136.34 - - [08/Jul/2023:15:59:19 +0200] "GET /admin/missing/new? HTTP/1.1" 200 5296 "https://rescueme.io/admin/logon?uri=missing%2Fnew%3F" "Mozilla/5.0 (Windows NT 10.0; Win64; x64) AppleWebKit/537.36 (KHTML, like Gecko) Chrome/114.0.0.0 Safari/537.36"
79.160.136.34 - - [08/Jul/2023:15:59:19 +0200] "GET /admin/locale/translate.json.php HTTP/1.1" 200 779 "https://rescueme.io/admin/missing/new?" "Mozilla/5.0 (Windows NT 10.0; Win64; x64) AppleWebKit/537.36 (KHTML, like Gecko) Chrome/114.0.0.0 Safari/537.36"
79.160.136.34 - - [08/Jul/2023:15:59:19 +0200] "GET /admin/locale/translate.json.php HTTP/1.1" 200 779 "https://rescueme.io/admin/missing/new?" "Mozilla/5.0 (Windows NT 10.0; Win64; x64) AppleWebKit/537.36 (KHTML, like Gecko) Chrome/114.0.0.0 Safari/537.36"
79.160.136.34 - - [08/Jul/2023:15:59:20 +0200] "GET /admin/locale/translate.json.php HTTP/1.1" 200 779 "https://rescueme.io/admin/missing/new?" "Mozilla/5.0 (Windows NT 10.0; Win64; x64) AppleWebKit/537.36 (KHTML, like Gecko) Chrome/114.0.0.0 Safari/537.36"
46.15.132.115 - - [08/Jul/2023:15:57:38 +0200] "GET /admin/positions/9077?num=3&_=1688824615849 HTTP/1.1" 200 610 "https://rescueme.io/admin/missing/9077" "Mozilla/5.0 (Linux; Android 10; K) AppleWebKit/537.36 (KHTML, like Gecko) Chrome/114.0.0.0 Mobile Safari/537.36"
109.247.73.50 - - [08/Jul/2023:15:58:10 +0200] "GET /admin/positions/9061?num=0&_=1688809446644 HTTP/1.1" 200 609 "https://rescueme.io/admin/missing/9061" "Mozilla/5.0 (Windows NT 10.0; Win64; x64) AppleWebKit/537.36 (KHTML, like Gecko) Chrome/114.0.0.0 Safari/537.36"
46.15.132.115 - - [08/Jul/2023:16:01:23 +0200] "GET /admin/missing/9077 HTTP/1.1" 200 7776 "-" "Mozilla/5.0 (Linux; Android 10; K) AppleWebKit/537.36 (KHTML, like Gecko) Chrome/114.0.0.0 Mobile Safari/537.36"
46.15.132.115 - - [08/Jul/2023:16:01:24 +0200] "GET /admin/locale/translate.json.php HTTP/1.1" 200 896 "https://rescueme.io/admin/missing/9077" "Mozilla/5.0 (Linux; Android 10; K) AppleWebKit/537.36 (KHTML, like Gecko) Chrome/114.0.0.0 Mobile Safari/537.36"
46.15.132.115 - - [08/Jul/2023:16:01:24 +0200] "GET /admin/locale/translate.json.php HTTP/1.1" 200 758 "https://rescueme.io/admin/missing/9077" "Mozilla/5.0 (Linux; Android 10; K) AppleWebKit/537.36 (KHTML, like Gecko) Chrome/114.0.0.0 Mobile Safari/537.36"
46.15.132.115 - - [08/Jul/2023:16:01:26 +0200] "GET /admin/logs HTTP/1.1" 200 2607 "https://rescueme.io/admin/missing/9077" "Mozilla/5.0 (Linux; Android 10; K) AppleWebKit/537.36 (KHTML, like Gecko) Chrome/114.0.0.0 Mobile Safari/537.36"
46.15.132.115 - - [08/Jul/2023:16:01:27 +0200] "GET /admin/locale/translate.json.php HTTP/1.1" 200 758 "https://rescueme.io/admin/logs" "Mozilla/5.0 (Linux; Android 10; K) AppleWebKit/537.36 (KHTML, like Gecko) Chrome/114.0.0.0 Mobile Safari/537.36"
46.15.132.115 - - [08/Jul/2023:16:01:27 +0200] "GET /admin/locale/translate.json.php HTTP/1.1" 200 758 "https://rescueme.io/admin/logs" "Mozilla/5.0 (Linux; Android 10; K) AppleWebKit/537.36 (KHTML, like Gecko) Chrome/114.0.0.0 Mobile Safari/537.36"
46.15.132.115 - - [08/Jul/2023:16:01:27 +0200] "GET /admin/logs?name=all HTTP/1.1" 200 1218 "https://rescueme.io/admin/logs" "Mozilla/5.0 (Linux; Android 10; K) AppleWebKit/537.36 (KHTML, like Gecko) Chrome/114.0.0.0 Mobile Safari/537.36"
46.15.132.115 - - [08/Jul/2023:16:01:44 +0200] "GET /admin/logs?name=sms HTTP/1.1" 200 1461 "https://rescueme.io/admin/logs" "Mozilla/5.0 (Linux; Android 10; K) AppleWebKit/537.36 (KHTML, like Gecko) Chrome/114.0.0.0 Mobile Safari/537.36"
109.247.73.50 - - [08/Jul/2023:16:00:01 +0200] "GET /admin/positions/9061?num=0&_=1688809446645 HTTP/1.1" 200 609 "https://rescueme.io/admin/missing/9061" "Mozilla/5.0 (Windows NT 10.0; Win64; x64) AppleWebKit/537.36 (KHTML, like Gecko) Chrome/114.0.0.0 Safari/537.36"
46.15.132.115 - - [08/Jul/2023:16:02:00 +0200] "GET /admin/logs?name=access HTTP/1.1" 200 1178 "https://rescueme.io/admin/logs" "Mozilla/5.0 (Linux; Android 10; K) AppleWebKit/537.36 (KHTML, like Gecko) Chrome/114.0.0.0 Mobile Safari/537.36"
46.15.132.115 - - [08/Jul/2023:16:02:03 +0200] "GET /admin/logs?name=db HTTP/1.1" 200 1038 "https://rescueme.io/admin/logs" "Mozilla/5.0 (Linux; Android 10; K) AppleWebKit/537.36 (KHTML, like Gecko) Chrome/114.0.0.0 Mobile Safari/537.36"
46.15.132.115 - - [08/Jul/2023:16:02:12 +0200] "GET /admin/logs?name=trace HTTP/1.1" 200 1255 "https://rescueme.io/admin/logs" "Mozilla/5.0 (Linux; Android 10; K) AppleWebKit/537.36 (KHTML, like Gecko) Chrome/114.0.0.0 Mobile Safari/537.36"
46.15.132.115 - - [08/Jul/2023:16:01:23 +0200] "GET /admin/positions/9077?num=3&_=1688824615850 HTTP/1.1" 200 610 "https://rescueme.io/admin/missing/9077" "Mozilla/5.0 (Linux; Android 10; K) AppleWebKit/537.36 (KHTML, like Gecko) Chrome/114.0.0.0 Mobile Safari/537.36"
46.15.132.115 - - [08/Jul/2023:16:01:24 +0200] "GET /admin/positions/9077?num=3&_=1688824884925 HTTP/1.1" 200 610 "https://rescueme.io/admin/missing/9077" "Mozilla/5.0 (Linux; Android 10; K) AppleWebKit/537.36 (KHTML, like Gecko) Chrome/114.0.0.0 Mobile Safari/537.36"
109.247.73.50 - - [08/Jul/2023:16:01:53 +0200] "GET /admin/positions/9061?num=0&_=1688809446646 HTTP/1.1" 200 609 "https://rescueme.io/admin/missing/9061" "Mozilla/5.0 (Windows NT 10.0; Win64; x64) AppleWebKit/537.36 (KHTML, like Gecko) Chrome/114.0.0.0 Safari/537.36"
109.247.73.50 - - [08/Jul/2023:16:03:44 +0200] "GET /admin/positions/9061?num=0&_=1688809446647 HTTP/1.1" 200 609 "https://rescueme.io/admin/missing/9061" "Mozilla/5.0 (Windows NT 10.0; Win64; x64) AppleWebKit/537.36 (KHTML, like Gecko) Chrome/114.0.0.0 Safari/537.36"
109.247.73.50 - - [08/Jul/2023:16:05:35 +0200] "GET /admin/positions/9061?num=0&_=1688809446648 HTTP/1.1" 200 609 "https://rescueme.io/admin/missing/9061" "Mozilla/5.0 (Windows NT 10.0; Win64; x64) AppleWebKit/537.36 (KHTML, like Gecko) Chrome/114.0.0.0 Safari/537.36"
35.168.99.114 - - [08/Jul/2023:16:09:02 +0200] "GET /admin/positions/9061?num=0&_=1688809446581 HTTP/1.1" 302 7626 "-" "Mozilla/5.0 (Windows NT 10.0; Win64; x64) AppleWebKit/537.36 (KHTML, like Gecko) Chrome/113.0.0.0 Safari/537.36"
35.168.99.114 - - [08/Jul/2023:16:09:03 +0200] "GET /admin/logon?uri=positions%3Fid%3D9061%26num%3D0%26_%3D1688809446581 HTTP/1.1" 200 7519 "-" "Mozilla/5.0 (Windows NT 10.0; Win64; x64) AppleWebKit/537.36 (KHTML, like Gecko) Chrome/113.0.0.0 Safari/537.36"
109.247.73.50 - - [08/Jul/2023:16:07:27 +0200] "GET /admin/positions/9061?num=0&_=1688809446649 HTTP/1.1" 200 609 "https://rescueme.io/admin/missing/9061" "Mozilla/5.0 (Windows NT 10.0; Win64; x64) AppleWebKit/537.36 (KHTML, like Gecko) Chrome/114.0.0.0 Safari/537.36"
109.247.73.50 - - [08/Jul/2023:16:09:18 +0200] "GET /admin/positions/9061?num=0&_=1688809446650 HTTP/1.1" 200 609 "https://rescueme.io/admin/missing/9061" "Mozilla/5.0 (Windows NT 10.0; Win64; x64) AppleWebKit/537.36 (KHTML, like Gecko) Chrome/114.0.0.0 Safari/537.36"
109.247.73.50 - - [08/Jul/2023:16:11:09 +0200] "GET /admin/positions/9061?num=0&_=1688809446651 HTTP/1.1" 200 574 "https://rescueme.io/admin/missing/9061" "Mozilla/5.0 (Windows NT 10.0; Win64; x64) AppleWebKit/537.36 (KHTML, like Gecko) Chrome/114.0.0.0 Safari/537.36"
109.247.73.50 - - [08/Jul/2023:16:13:01 +0200] "GET /admin/positions/9061?num=0&_=1688809446652 HTTP/1.1" 200 5262 "https://rescueme.io/admin/missing/9061" "Mozilla/5.0 (Windows NT 10.0; Win64; x64) AppleWebKit/537.36 (KHTML, like Gecko) Chrome/114.0.0.0 Safari/537.36"
109.247.73.50 - - [08/Jul/2023:16:14:52 +0200] "GET /admin/positions/9061?num=0&_=1688809446653 HTTP/1.1" 200 610 "https://rescueme.io/admin/missing/9061" "Mozilla/5.0 (Windows NT 10.0; Win64; x64) AppleWebKit/537.36 (KHTML, like Gecko) Chrome/114.0.0.0 Safari/537.36"
109.247.73.50 - - [08/Jul/2023:16:16:44 +0200] "GET /admin/positions/9061?num=0&_=1688809446654 HTTP/1.1" 200 610 "https://rescueme.io/admin/missing/9061" "Mozilla/5.0 (Windows NT 10.0; Win64; x64) AppleWebKit/537.36 (KHTML, like Gecko) Chrome/114.0.0.0 Safari/537.36"
109.247.73.50 - - [08/Jul/2023:16:18:35 +0200] "GET /admin/positions/9061?num=0&_=1688809446655 HTTP/1.1" 200 610 "https://rescueme.io/admin/missing/9061" "Mozilla/5.0 (Windows NT 10.0; Win64; x64) AppleWebKit/537.36 (KHTML, like Gecko) Chrome/114.0.0.0 Safari/537.36"
46.15.132.115 - - [08/Jul/2023:16:21:18 +0200] "GET / HTTP/1.1" 200 7219 "https://rescueme.io/admin/logs" "Mozilla/5.0 (Linux; Android 10; K) AppleWebKit/537.36 (KHTML, like Gecko) Chrome/114.0.0.0 Mobile Safari/537.36"
46.15.132.115 - - [08/Jul/2023:16:21:20 +0200] "GET /admin/start HTTP/1.1" 200 1979 "https://rescueme.io/" "Mozilla/5.0 (Linux; Android 10; K) AppleWebKit/537.36 (KHTML, like Gecko) Chrome/114.0.0.0 Mobile Safari/537.36"
46.15.132.115 - - [08/Jul/2023:16:21:20 +0200] "GET /admin/locale/translate.json.php HTTP/1.1" 200 758 "https://rescueme.io/admin/start" "Mozilla/5.0 (Linux; Android 10; K) AppleWebKit/537.36 (KHTML, like Gecko) Chrome/114.0.0.0 Mobile Safari/537.36"
46.15.132.115 - - [08/Jul/2023:16:21:20 +0200] "GET /admin/locale/translate.json.php HTTP/1.1" 200 758 "https://rescueme.io/admin/start" "Mozilla/5.0 (Linux; Android 10; K) AppleWebKit/537.36 (KHTML, like Gecko) Chrome/114.0.0.0 Mobile Safari/537.36"
46.15.132.115 - - [08/Jul/2023:16:21:21 +0200] "GET /admin/missing/list HTTP/1.1" 200 2425 "https://rescueme.io/admin/start" "Mozilla/5.0 (Linux; Android 10; K) AppleWebKit/537.36 (KHTML, like Gecko) Chrome/114.0.0.0 Mobile Safari/537.36"
46.15.132.115 - - [08/Jul/2023:16:21:22 +0200] "GET /admin/locale/translate.json.php HTTP/1.1" 200 758 "https://rescueme.io/admin/missing/list" "Mozilla/5.0 (Linux; Android 10; K) AppleWebKit/537.36 (KHTML, like Gecko) Chrome/114.0.0.0 Mobile Safari/537.36"
46.15.132.115 - - [08/Jul/2023:16:21:22 +0200] "GET /admin/locale/translate.json.php HTTP/1.1" 200 758 "https://rescueme.io/admin/missing/list" "Mozilla/5.0 (Linux; Android 10; K) AppleWebKit/537.36 (KHTML, like Gecko) Chrome/114.0.0.0 Mobile Safari/537.36"
46.15.132.115 - - [08/Jul/2023:16:21:22 +0200] "GET /admin/missing/list?name=open HTTP/1.1" 200 2714 "https://rescueme.io/admin/missing/list" "Mozilla/5.0 (Linux; Android 10; K) AppleWebKit/537.36 (KHTML, like Gecko) Chrome/114.0.0.0 Mobile Safari/537.36"
46.15.132.115 - - [08/Jul/2023:16:21:30 +0200] "GET /admin/missing/list HTTP/1.1" 200 2563 "https://rescueme.io/admin/start" "Mozilla/5.0 (Linux; Android 10; K) AppleWebKit/537.36 (KHTML, like Gecko) Chrome/114.0.0.0 Mobile Safari/537.36"
46.15.132.115 - - [08/Jul/2023:16:21:30 +0200] "GET /admin/locale/translate.json.php HTTP/1.1" 200 758 "https://rescueme.io/admin/missing/list" "Mozilla/5.0 (Linux; Android 10; K) AppleWebKit/537.36 (KHTML, like Gecko) Chrome/114.0.0.0 Mobile Safari/537.36"
46.15.132.115 - - [08/Jul/2023:16:21:30 +0200] "GET /admin/locale/translate.json.php HTTP/1.1" 200 758 "https://rescueme.io/admin/missing/list" "Mozilla/5.0 (Linux; Android 10; K) AppleWebKit/537.36 (KHTML, like Gecko) Chrome/114.0.0.0 Mobile Safari/537.36"
46.15.132.115 - - [08/Jul/2023:16:21:30 +0200] "GET /admin/missing/list?name=open HTTP/1.1" 200 2714 "https://rescueme.io/admin/missing/list" "Mozilla/5.0 (Linux; Android 10; K) AppleWebKit/537.36 (KHTML, like Gecko) Chrome/114.0.0.0 Mobile Safari/537.36"
46.15.132.115 - - [08/Jul/2023:16:21:40 +0200] "GET /admin/missing/9076 HTTP/1.1" 200 3368 "https://rescueme.io/admin/missing/list" "Mozilla/5.0 (Linux; Android 10; K) AppleWebKit/537.36 (KHTML, like Gecko) Chrome/114.0.0.0 Mobile Safari/537.36"
46.15.132.115 - - [08/Jul/2023:16:21:40 +0200] "GET /admin/locale/translate.json.php HTTP/1.1" 200 758 "https://rescueme.io/admin/missing/9076" "Mozilla/5.0 (Linux; Android 10; K) AppleWebKit/537.36 (KHTML, like Gecko) Chrome/114.0.0.0 Mobile Safari/537.36"
46.15.132.115 - - [08/Jul/2023:16:21:40 +0200] "GET /admin/locale/translate.json.php HTTP/1.1" 200 758 "https://rescueme.io/admin/missing/9076" "Mozilla/5.0 (Linux; Android 10; K) AppleWebKit/537.36 (KHTML, like Gecko) Chrome/114.0.0.0 Mobile Safari/537.36"
