109.247.73.50 - - [08/Jul/2023:16:20:26 +0200] "GET /admin/positions/9061?num=0&_=1688809446656 HTTP/1.1" 200 610 "https://rescueme.io/admin/missing/9061" "Mozilla/5.0 (Windows NT 10.0; Win64; x64) AppleWebKit/537.36 (KHTML, like Gecko) Chrome/114.0.0.0 Safari/537.36"
46.15.132.115 - - [08/Jul/2023:16:22:48 +0200] "GET /admin/missing/list HTTP/1.1" 200 2563 "https://rescueme.io/admin/start" "Mozilla/5.0 (Linux; Android 10; K) AppleWebKit/537.36 (KHTML, like Gecko) Chrome/114.0.0.0 Mobile Safari/537.36"
46.15.132.115 - - [08/Jul/2023:16:22:48 +0200] "GET /admin/locale/translate.json.php HTTP/1.1" 200 758 "https://rescueme.io/admin/missing/list" "Mozilla/5.0 (Linux; Android 10; K) AppleWebKit/537.36 (KHTML, like Gecko) Chrome/114.0.0.0 Mobile Safari/537.36"
46.15.132.115 - - [08/Jul/2023:16:22:48 +0200] "GET /admin/locale/translate.json.php HTTP/1.1" 200 758 "https://rescueme.io/admin/missing/list" "Mozilla/5.0 (Linux; Android 10; K) AppleWebKit/537.36 (KHTML, like Gecko) Chrome/114.0.0.0 Mobile Safari/537.36"
46.15.132.115 - - [08/Jul/2023:16:22:48 +0200] "GET /admin/missing/list?name=open HTTP/1.1" 200 2714 "https://rescueme.io/admin/missing/list" "Mozilla/5.0 (Linux; Android 10; K) AppleWebKit/537.36 (KHTML, like Gecko) Chrome/114.0.0.0 Mobile Safari/537.36"
46.15.132.115 - - [08/Jul/2023:16:22:54 +0200] "GET /admin/missing/check/9076 HTTP/1.1" 200 759 "https://rescueme.io/admin/missing/list" "Mozilla/5.0 (Linux; Android 10; K) AppleWebKit/537.36 (KHTML, like Gecko) Chrome/114.0.0.0 Mobile Safari/537.36"
46.15.132.115 - - [08/Jul/2023:16:23:00 +0200] "GET /admin/missing/edit/9076 HTTP/1.1" 200 4338 "https://rescueme.io/admin/missing/list" "Mozilla/5.0 (Linux; Android 10; K) AppleWebKit/537.36 (KHTML, like Gecko) Chrome/114.0.0.0 Mobile Safari/537.36"
46.15.132.115 - - [08/Jul/2023:16:23:00 +0200] "GET /admin/locale/translate.json.php HTTP/1.1" 200 758 "https://rescueme.io/admin/missing/edit/9076" "Mozilla/5.0 (Linux; Android 10; K) AppleWebKit/537.36 (KHTML, like Gecko) Chrome/114.0.0.0 Mobile Safari/537.36"
46.15.132.115 - - [08/Jul/2023:16:23:00 +0200] "GET /admin/locale/translate.json.php HTTP/1.1" 200 758 "https://rescueme.io/admin/missing/edit/9076" "Mozilla/5.0 (Linux; Android 10; K) AppleWebKit/537.36 (KHTML, like Gecko) Chrome/114.0.0.0 Mobile Safari/537.36"
46.15.132.115 - - [08/Jul/2023:16:23:27 +0200] "GET /admin/missing/list HTTP/1.1" 200 2563 "https://rescueme.io/admin/start" "Mozilla/5.0 (Linux; Android 10; K) AppleWebKit/537.36 (KHTML, like Gecko) Chrome/114.0.0.0 Mobile Safari/537.36"
46.15.132.115 - - [08/Jul/2023:16:23:27 +0200] "GET /admin/locale/translate.json.php HTTP/1.1" 200 758 "https://rescueme.io/admin/missing/list" "Mozilla/5.0 (Linux; Android 10; K) AppleWebKit/537.36 (KHTML, like Gecko) Chrome/114.0.0.0 Mobile Safari/537.36"
46.15.132.115 - - [08/Jul/2023:16:23:27 +0200] "GET /admin/locale/translate.json.php HTTP/1.1" 200 758 "https://rescueme.io/admin/missing/list" "Mozilla/5.0 (Linux; Android 10; K) AppleWebKit/537.36 (KHTML, like Gecko) Chrome/114.0.0.0 Mobile Safari/537.36"
46.15.132.115 - - [08/Jul/2023:16:23:27 +0200] "GET /admin/missing/list?name=open HTTP/1.1" 200 2714 "https://rescueme.io/admin/missing/list" "Mozilla/5.0 (Linux; Android 10; K) AppleWebKit/537.36 (KHTML, like Gecko) Chrome/114.0.0.0 Mobile Safari/537.36"
46.15.132.115 - - [08/Jul/2023:16:23:30 +0200] "GET /admin/missing/9076 HTTP/1.1" 200 3230 "https://rescueme.io/admin/missing/list" "Mozilla/5.0 (Linux; Android 10; K) AppleWebKit/537.36 (KHTML, like Gecko) Chrome/114.0.0.0 Mobile Safari/537.36"
46.15.132.115 - - [08/Jul/2023:16:23:30 +0200] "GET /admin/locale/translate.json.php HTTP/1.1" 200 758 "https://rescueme.io/admin/missing/9076" "Mozilla/5.0 (Linux; Android 10; K) AppleWebKit/537.36 (KHTML, like Gecko) Chrome/114.0.0.0 Mobile Safari/537.36"
46.15.132.115 - - [08/Jul/2023:16:23:30 +0200] "GET /admin/locale/translate.json.php HTTP/1.1" 200 758 "https://rescueme.io/admin/missing/9076" "Mozilla/5.0 (Linux; Android 10; K) AppleWebKit/537.36 (KHTML, like Gecko) Chrome/114.0.0.0 Mobile Safari/537.36"
46.15.132.115 - - [08/Jul/2023:16:21:40 +0200] "GET /admin/positions/9076?num=0&_=1688826100813 HTTP/1.1" 200 610 "https://rescueme.io/admin/missing/9076" "Mozilla/5.0 (Linux; Android 10; K) AppleWebKit/537.36 (KHTML, like Gecko) Chrome/114.0.0.0 Mobile Safari/537.36"
46.15.132.115 - - [08/Jul/2023:16:23:46 +0200] "GET /admin/logs HTTP/1.1" 200 2607 "https://rescueme.io/admin/missing/9076" "Mozilla/5.0 (Linux; Android 10; K) AppleWebKit/537.36 (KHTML, like Gecko) Chrome/114.0.0.0 Mobile Safari/537.36"
46.15.132.115 - - [08/Jul/2023:16:23:46 +0200] "GET /admin/locale/translate.json.php HTTP/1.1" 200 758 "https://rescueme.io/admin/logs" "Mozilla/5.0 (Linux; Android 10; K) AppleWebKit/537.36 (KHTML, like Gecko) Chrome/114.0.0.0 Mobile Safari/537.36"
46.15.132.115 - - [08/Jul/2023:16:23:46 +0200] "GET /admin/locale/translate.json.php HTTP/1.1" 200 758 "https://rescueme.io/admin/logs" "Mozilla/5.0 (Linux; Android 10; K) AppleWebKit/537.36 (KHTML, like Gecko) Chrome/114.0.0.0 Mobile Safari/537.36"
46.15.132.115 - - [08/Jul/2023:16:23:46 +0200] "GET /admin/logs?name=all HTTP/1.1" 200 1218 "https://rescueme.io/admin/logs" "Mozilla/5.0 (Linux; Android 10; K) AppleWebKit/537.36 (KHTML, like Gecko) Chrome/114.0.0.0 Mobile Safari/537.36"
46.15.132.115 - - [08/Jul/2023:16:24:00 +0200] "GET /admin/logs?name=all&page=1&filter=N HTTP/1.1" 200 1356 "https://rescueme.io/admin/logs" "Mozilla/5.0 (Linux; Android 10; K) AppleWebKit/537.36 (KHTML, like Gecko) Chrome/114.0.0.0 Mobile Safari/537.36"
46.15.132.115 - - [08/Jul/2023:16:24:01 +0200] "GET /admin/logs?name=all&page=1&filter=Ny HTTP/1.1" 200 1149 "https://rescueme.io/admin/logs" "Mozilla/5.0 (Linux; Android 10; K) AppleWebKit/537.36 (KHTML, like Gecko) Chrome/114.0.0.0 Mobile Safari/537.36"
46.15.132.115 - - [08/Jul/2023:16:24:01 +0200] "GET /admin/logs?name=all&page=1&filter=Nya HTTP/1.1" 200 869 "https://rescueme.io/admin/logs" "Mozilla/5.0 (Linux; Android 10; K) AppleWebKit/537.36 (KHTML, like Gecko) Chrome/114.0.0.0 Mobile Safari/537.36"
46.15.132.115 - - [08/Jul/2023:16:24:03 +0200] "GET /admin/logs?name=all&page=1&filter=Ny HTTP/1.1" 200 1011 "https://rescueme.io/admin/logs" "Mozilla/5.0 (Linux; Android 10; K) AppleWebKit/537.36 (KHTML, like Gecko) Chrome/114.0.0.0 Mobile Safari/537.36"
46.15.132.115 - - [08/Jul/2023:16:24:07 +0200] "GET /admin/logs?name=all&page=1&filter=NyA HTTP/1.1" 200 731 "https://rescueme.io/admin/logs" "Mozilla/5.0 (Linux; Android 10; K) AppleWebKit/537.36 (KHTML, like Gecko) Chrome/114.0.0.0 Mobile Safari/537.36"
109.247.73.50 - - [08/Jul/2023:16:22:18 +0200] "GET /admin/positions/9061?num=0&_=1688809446657 HTTP/1.1" 200 610 "https://rescueme.io/admin/missing/9061" "Mozilla/5.0 (Windows NT 10.0; Win64; x64) AppleWebKit/537.36 (KHTML, like Gecko) Chrome/114.0.0.0 Safari/537.36"
46.15.132.115 - - [08/Jul/2023:16:24:09 +0200] "GET /admin/logs?name=all&page=1&filter=Ny HTTP/1.1" 200 1011 "https://rescueme.io/admin/logs" "Mozilla/5.0 (Linux; Android 10; K) AppleWebKit/537.36 (KHTML, like Gecko) Chrome/114.0.0.0 Mobile Safari/537.36"
46.15.132.115 - - [08/Jul/2023:16:24:09 +0200] "GET /admin/logs?name=all&page=1&filter=N HTTP/1.1" 200 1356 "https://rescueme.io/admin/logs" "Mozilla/5.0 (Linux; Android 10; K) AppleWebKit/537.36 (KHTML, like Gecko) Chrome/114.0.0.0 Mobile Safari/537.36"
46.15.132.115 - - [08/Jul/2023:16:24:10 +0200] "GET /admin/logs?name=all&page=1&filter= HTTP/1.1" 200 1356 "https://rescueme.io/admin/logs" "Mozilla/5.0 (Linux; Android 10; K) AppleWebKit/537.36 (KHTML, like Gecko) Chrome/114.0.0.0 Mobile Safari/537.36"
46.15.132.115 - - [08/Jul/2023:16:24:14 +0200] "GET /admin/logs?name=sms HTTP/1.1" 200 1323 "https://rescueme.io/admin/logs" "Mozilla/5.0 (Linux; Android 10; K) AppleWebKit/537.36 (KHTML, like Gecko) Chrome/114.0.0.0 Mobile Safari/537.36"
46.15.132.115 - - [08/Jul/2023:16:24:26 +0200] "GET /admin/missing/list HTTP/1.1" 200 2563 "https://rescueme.io/admin/logs" "Mozilla/5.0 (Linux; Android 10; K) AppleWebKit/537.36 (KHTML, like Gecko) Chrome/114.0.0.0 Mobile Safari/537.36"
46.15.132.115 - - [08/Jul/2023:16:24:27 +0200] "GET /admin/locale/translate.json.php HTTP/1.1" 200 758 "https://rescueme.io/admin/missing/list" "Mozilla/5.0 (Linux; Android 10; K) AppleWebKit/537.36 (KHTML, like Gecko) Chrome/114.0.0.0 Mobile Safari/537.36"
46.15.132.115 - - [08/Jul/2023:16:24:27 +0200] "GET /admin/locale/translate.json.php HTTP/1.1" 200 758 "https://rescueme.io/admin/missing/list" "Mozilla/5.0 (Linux; Android 10; K) AppleWebKit/537.36 (KHTML, like Gecko) Chrome/114.0.0.0 Mobile Safari/537.36"
46.15.132.115 - - [08/Jul/2023:16:24:27 +0200] "GET /admin/missing/list?name=open HTTP/1.1" 200 2714 "https://rescueme.io/admin/missing/list" "Mozilla/5.0 (Linux; Android 10; K) AppleWebKit/537.36 (KHTML, like Gecko) Chrome/114.0.0.0 Mobile Safari/537.36"
46.15.132.115 - - [08/Jul/2023:16:24:28 +0200] "GET /admin/missing/9076 HTTP/1.1" 200 3230 "https://rescueme.io/admin/missing/list" "Mozilla/5.0 (Linux; Android 10; K) AppleWebKit/537.36 (KHTML, like Gecko) Chrome/114.0.0.0 Mobile Safari/537.36"
46.15.132.115 - - [08/Jul/2023:16:24:29 +0200] "GET /admin/locale/translate.json.php HTTP/1.1" 200 758 "https://rescueme.io/admin/missing/9076" "Mozilla/5.0 (Linux; Android 10; K) AppleWebKit/537.36 (KHTML, like Gecko) Chrome/114.0.0.0 Mobile Safari/537.36"
46.15.132.115 - - [08/Jul/2023:16:24:29 +0200] "GET /admin/locale/translate.json.php HTTP/1.1" 200 758 "https://rescueme.io/admin/missing/9076" "Mozilla/5.0 (Linux; Android 10; K) AppleWebKit/537.36 (KHTML, like Gecko) Chrome/114.0.0.0 Mobile Safari/537.36"
46.15.132.115 - - [08/Jul/2023:16:24:35 +0200] "GET /admin/missing/list HTTP/1.1" 200 2563 "https://rescueme.io/admin/logs" "Mozilla/5.0 (Linux; Android 10; K) AppleWebKit/537.36 (KHTML, like Gecko) Chrome/114.0.0.0 Mobile Safari/537.36"
46.15.132.115 - - [08/Jul/2023:16:24:35 +0200] "GET /admin/locale/translate.json.php HTTP/1.1" 200 758 "https://rescueme.io/admin/missing/list" "Mozilla/5.0 (Linux; Android 10; K) AppleWebKit/537.36 (KHTML, like Gecko) Chrome/114.0.0.0 Mobile Safari/537.36"
46.15.132.115 - - [08/Jul/2023:16:24:35 +0200] "GET /admin/locale/translate.json.php HTTP/1.1" 200 758 "https://rescueme.io/admin/missing/list" "Mozilla/5.0 (Linux; Android 10; K) AppleWebKit/537.36 (KHTML, like Gecko) Chrome/114.0.0.0 Mobile Safari/537.36"
46.15.132.115 - - [08/Jul/2023:16:24:36 +0200] "GET /admin/missing/list?name=open HTTP/1.1" 200 2714 "https://rescueme.io/admin/missing/list" "Mozilla/5.0 (Linux; Android 10; K) AppleWebKit/537.36 (KHTML, like Gecko) Chrome/114.0.0.0 Mobile Safari/537.36"
46.15.132.115 - - [08/Jul/2023:16:24:39 +0200] "GET /admin/missing/edit/9076 HTTP/1.1" 200 4200 "https://rescueme.io/admin/missing/list" "Mozilla/5.0 (Linux; Android 10; K) AppleWebKit/537.36 (KHTML, like Gecko) Chrome/114.0.0.0 Mobile Safari/537.36"
46.15.132.115 - - [08/Jul/2023:16:24:39 +0200] "GET /admin/locale/translate.json.php HTTP/1.1" 200 758 "https://rescueme.io/admin/missing/edit/9076" "Mozilla/5.0 (Linux; Android 10; K) AppleWebKit/537.36 (KHTML, like Gecko) Chrome/114.0.0.0 Mobile Safari/537.36"
46.15.132.115 - - [08/Jul/2023:16:24:39 +0200] "GET /admin/locale/translate.json.php HTTP/1.1" 200 758 "https://rescueme.io/admin/missing/edit/9076" "Mozilla/5.0 (Linux; Android 10; K) AppleWebKit/537.36 (KHTML, like Gecko) Chrome/114.0.0.0 Mobile Safari/537.36"
46.15.132.115 - - [08/Jul/2023:16:25:06 +0200] "GET /admin/logs HTTP/1.1" 200 2607 "https://rescueme.io/admin/missing/edit/9076" "Mozilla/5.0 (Linux; Android 10; K) AppleWebKit/537.36 (KHTML, like Gecko) Chrome/114.0.0.0 Mobile Safari/537.36"
46.15.132.115 - - [08/Jul/2023:16:25:06 +0200] "GET /admin/locale/translate.json.php HTTP/1.1" 200 758 "https://rescueme.io/admin/logs" "Mozilla/5.0 (Linux; Android 10; K) AppleWebKit/537.36 (KHTML, like Gecko) Chrome/114.0.0.0 Mobile Safari/537.36"
46.15.132.115 - - [08/Jul/2023:16:25:07 +0200] "GET /admin/locale/translate.json.php HTTP/1.1" 200 758 "https://rescueme.io/admin/logs" "Mozilla/5.0 (Linux; Android 10; K) AppleWebKit/537.36 (KHTML, like Gecko) Chrome/114.0.0.0 Mobile Safari/537.36"
46.15.132.115 - - [08/Jul/2023:16:25:07 +0200] "GET /admin/logs?name=all HTTP/1.1" 200 1218 "https://rescueme.io/admin/logs" "Mozilla/5.0 (Linux; Android 10; K) AppleWebKit/537.36 (KHTML, like Gecko) Chrome/114.0.0.0 Mobile Safari/537.36"
46.15.132.115 - - [08/Jul/2023:16:25:15 +0200] "GET /admin/logs?name=all&page=1&filter=98252286 HTTP/1.1" 200 1267 "https://rescueme.io/admin/logs" "Mozilla/5.0 (Linux; Android 10; K) AppleWebKit/537.36 (KHTML, like Gecko) Chrome/114.0.0.0 Mobile Safari/537.36"
46.15.132.115 - - [08/Jul/2023:16:23:30 +0200] "GET /admin/positions/9076?num=0&_=1688826210706 HTTP/1.1" 200 610 "https://rescueme.io/admin/missing/9076" "Mozilla/5.0 (Linux; Android 10; K) AppleWebKit/537.36 (KHTML, like Gecko) Chrome/114.0.0.0 Mobile Safari/537.36"
109.247.73.50 - - [08/Jul/2023:16:24:09 +0200] "GET /admin/positions/9061?num=0&_=1688809446658 HTTP/1.1" 200 610 "https://rescueme.io/admin/missing/9061" "Mozilla/5.0 (Windows NT 10.0; Win64; x64) AppleWebKit/537.36 (KHTML, like Gecko) Chrome/114.0.0.0 Safari/537.36"
46.15.132.115 - - [08/Jul/2023:16:24:29 +0200] "GET /admin/positions/9076?num=0&_=1688826269434 HTTP/1.1" 200 610 "https://rescueme.io/admin/missing/9076" "Mozilla/5.0 (Linux; Android 10; K) AppleWebKit/537.36 (KHTML, like Gecko) Chrome/114.0.0.0 Mobile Safari/537.36"
109.247.73.50 - - [08/Jul/2023:16:26:00 +0200] "GET /admin/positions/9061?num=0&_=1688809446659 HTTP/1.1" 200 610 "https://rescueme.io/admin/missing/9061" "Mozilla/5.0 (Windows NT 10.0; Win64; x64) AppleWebKit/537.36 (KHTML, like Gecko) Chrome/114.0.0.0 Safari/537.36"
109.247.73.50 - - [08/Jul/2023:16:27:51 +0200] "GET /admin/positions/9061?num=0&_=1688809446660 HTTP/1.1" 200 610 "https://rescueme.io/admin/missing/9061" "Mozilla/5.0 (Windows NT 10.0; Win64; x64) AppleWebKit/537.36 (KHTML, like Gecko) Chrome/114.0.0.0 Safari/537.36"
109.247.73.50 - - [08/Jul/2023:16:29:42 +0200] "GET /admin/positions/9061?num=0&_=1688809446661 HTTP/1.1" 200 610 "https://rescueme.io/admin/missing/9061" "Mozilla/5.0 (Windows NT 10.0; Win64; x64) AppleWebKit/537.36 (KHTML, like Gecko) Chrome/114.0.0.0 Safari/537.36"
138.246.253.24 - - [08/Jul/2023:16:31:39 +0200] "GET /robots.txt HTTP/1.1" 200 5018 "-" "Mozilla/5.0 (Windows NT 10.0; Win64; x64) AppleWebKit/537.36 (KHTML, like Gecko) Chrome/103.0.5060.134 Safari/537.36"
109.247.73.50 - - [08/Jul/2023:16:31:33 +0200] "GET /admin/positions/9061?num=0&_=1688809446662 HTTP/1.1" 200 610 "https://rescueme.io/admin/missing/9061" "Mozilla/5.0 (Windows NT 10.0; Win64; x64) AppleWebKit/537.36 (KHTML, like Gecko) Chrome/114.0.0.0 Safari/537.36"
46.15.132.115 - - [08/Jul/2023:16:34:34 +0200] "GET /admin/missing/list HTTP/1.1" 200 7077 "https://rescueme.io/admin/logs" "Mozilla/5.0 (Linux; Android 10; K) AppleWebKit/537.36 (KHTML, like Gecko) Chrome/114.0.0.0 Mobile Safari/537.36"
46.15.132.115 - - [08/Jul/2023:16:34:34 +0200] "GET /css/admin.css HTTP/1.1" 304 264 "https://rescueme.io/admin/missing/list" "Mozilla/5.0 (Linux; Android 10; K) AppleWebKit/537.36 (KHTML, like Gecko) Chrome/114.0.0.0 Mobile Safari/537.36"
46.15.132.115 - - [08/Jul/2023:16:34:34 +0200] "GET /js/admin.js HTTP/1.1" 304 401 "https://rescueme.io/admin/missing/list" "Mozilla/5.0 (Linux; Android 10; K) AppleWebKit/537.36 (KHTML, like Gecko) Chrome/114.0.0.0 Mobile Safari/537.36"
46.15.132.115 - - [08/Jul/2023:16:34:35 +0200] "GET /admin/locale/translate.json.php HTTP/1.1" 200 896 "https://rescueme.io/admin/missing/list" "Mozilla/5.0 (Linux; Android 10; K) AppleWebKit/537.36 (KHTML, like Gecko) Chrome/114.0.0.0 Mobile Safari/537.36"
46.15.132.115 - - [08/Jul/2023:16:34:35 +0200] "GET /admin/locale/translate.json.php HTTP/1.1" 200 758 "https://rescueme.io/admin/missing/list" "Mozilla/5.0 (Linux; Android 10; K) AppleWebKit/537.36 (KHTML, like Gecko) Chrome/114.0.0.0 Mobile Safari/537.36"
46.15.132.115 - - [08/Jul/2023:16:34:35 +0200] "GET /admin/missing/list?name=open HTTP/1.1" 200 2714 "https://rescueme.io/admin/missing/list" "Mozilla/5.0 (Linux; Android 10; K) AppleWebKit/537.36 (KHTML, like Gecko) Chrome/114.0.0.0 Mobile Safari/537.36"
46.15.132.115 - - [08/Jul/2023:16:34:51 +0200] "GET /admin/missing/9061 HTTP/1.1" 200 3349 "https://rescueme.io/admin/missing/list" "Mozilla/5.0 (Linux; Android 10; K) AppleWebKit/537.36 (KHTML, like Gecko) Chrome/114.0.0.0 Mobile Safari/537.36"
46.15.132.115 - - [08/Jul/2023:16:34:52 +0200] "GET /js/map.js HTTP/1.1" 304 264 "https://rescueme.io/admin/missing/9061" "Mozilla/5.0 (Linux; Android 10; K) AppleWebKit/537.36 (KHTML, like Gecko) Chrome/114.0.0.0 Mobile Safari/537.36"
46.15.132.115 - - [08/Jul/2023:16:34:52 +0200] "GET /admin/locale/translate.json.php HTTP/1.1" 200 896 "https://rescueme.io/admin/missing/9061" "Mozilla/5.0 (Linux; Android 10; K) AppleWebKit/537.36 (KHTML, like Gecko) Chrome/114.0.0.0 Mobile Safari/537.36"
46.15.132.115 - - [08/Jul/2023:16:34:52 +0200] "GET /admin/locale/translate.json.php HTTP/1.1" 200 758 "https://rescueme.io/admin/missing/9061" "Mozilla/5.0 (Linux; Android 10; K) AppleWebKit/537.36 (KHTML, like Gecko) Chrome/114.0.0.0 Mobile Safari/537.36"
46.15.132.115 - - [08/Jul/2023:16:34:58 +0200] "GET /admin/missing/list HTTP/1.1" 200 2563 "https://rescueme.io/admin/logs" "Mozilla/5.0 (Linux; Android 10; K) AppleWebKit/537.36 (KHTML, like Gecko) Chrome/114.0.0.0 Mobile Safari/537.36"
46.15.132.115 - - [08/Jul/2023:16:34:58 +0200] "GET /admin/locale/translate.json.php HTTP/1.1" 200 758 "https://rescueme.io/admin/missing/list" "Mozilla/5.0 (Linux; Android 10; K) AppleWebKit/537.36 (KHTML, like Gecko) Chrome/114.0.0.0 Mobile Safari/537.36"
46.15.132.115 - - [08/Jul/2023:16:34:59 +0200] "GET /admin/locale/translate.json.php HTTP/1.1" 200 758 "https://rescueme.io/admin/missing/list" "Mozilla/5.0 (Linux; Android 10; K) AppleWebKit/537.36 (KHTML, like Gecko) Chrome/114.0.0.0 Mobile Safari/537.36"
46.15.132.115 - - [08/Jul/2023:16:34:59 +0200] "GET /admin/missing/list?name=open HTTP/1.1" 200 2714 "https://rescueme.io/admin/missing/list" "Mozilla/5.0 (Linux; Android 10; K) AppleWebKit/537.36 (KHTML, like Gecko) Chrome/114.0.0.0 Mobile Safari/537.36"
46.15.132.115 - - [08/Jul/2023:16:35:00 +0200] "GET /admin/missing/9070 HTTP/1.1" 200 3229 "https://rescueme.io/admin/missing/list" "Mozilla/5.0 (Linux; Android 10; K) AppleWebKit/537.36 (KHTML, like Gecko) Chrome/114.0.0.0 Mobile Safari/537.36"
46.15.132.115 - - [08/Jul/2023:16:35:00 +0200] "GET /admin/locale/translate.json.php HTTP/1.1" 200 758 "https://rescueme.io/admin/missing/9070" "Mozilla/5.0 (Linux; Android 10; K) AppleWebKit/537.36 (KHTML, like Gecko) Chrome/114.0.0.0 Mobile Safari/537.36"
46.15.132.115 - - [08/Jul/2023:16:35:00 +0200] "GET /admin/locale/translate.json.php HTTP/1.1" 200 758 "https://rescueme.io/admin/missing/9070" "Mozilla/5.0 (Linux; Android 10; K) AppleWebKit/537.36 (KHTML, like Gecko) Chrome/114.0.0.0 Mobile Safari/537.36"
46.15.132.115 - - [08/Jul/2023:16:35:03 +0200] "GET /admin/missing/list HTTP/1.1" 200 2563 "https://rescueme.io/admin/logs" "Mozilla/5.0 (Linux; Android 10; K) AppleWebKit/537.36 (KHTML, like Gecko) Chrome/114.0.0.0 Mobile Safari/537.36"
46.15.132.115 - - [08/Jul/2023:16:35:04 +0200] "GET /admin/locale/translate.json.php HTTP/1.1" 200 758 "https://rescueme.io/admin/missing/list" "Mozilla/5.0 (Linux; Android 10; K) AppleWebKit/537.36 (KHTML, like Gecko) Chrome/114.0.0.0 Mobile Safari/537.36"
46.15.132.115 - - [08/Jul/2023:16:35:04 +0200] "GET /admin/locale/translate.json.php HTTP/1.1" 200 758 "https://rescueme.io/admin/missing/list" "Mozilla/5.0 (Linux; Android 10; K) AppleWebKit/537.36 (KHTML, like Gecko) Chrome/114.0.0.0 Mobile Safari/537.36"
46.15.132.115 - - [08/Jul/2023:16:35:04 +0200] "GET /admin/missing/list?name=open HTTP/1.1" 200 2714 "https://rescueme.io/admin/missing/list" "Mozilla/5.0 (Linux; Android 10; K) AppleWebKit/537.36 (KHTML, like Gecko) Chrome/114.0.0.0 Mobile Safari/537.36"
46.15.132.115 - - [08/Jul/2023:16:35:11 +0200] "GET /admin/missing/9070 HTTP/1.1" 200 3367 "https://rescueme.io/admin/missing/list" "Mozilla/5.0 (Linux; Android 10; K) AppleWebKit/537.36 (KHTML, like Gecko) Chrome/114.0.0.0 Mobile Safari/537.36"
46.15.132.115 - - [08/Jul/2023:16:35:12 +0200] "GET /admin/locale/translate.json.php HTTP/1.1" 200 758 "https://rescueme.io/admin/missing/9070" "Mozilla/5.0 (Linux; Android 10; K) AppleWebKit/537.36 (KHTML, like Gecko) Chrome/114.0.0.0 Mobile Safari/537.36"
46.15.132.115 - - [08/Jul/2023:16:35:12 +0200] "GET /admin/locale/translate.json.php HTTP/1.1" 200 758 "https://rescueme.io/admin/missing/9070" "Mozilla/5.0 (Linux; Android 10; K) AppleWebKit/537.36 (KHTML, like Gecko) Chrome/114.0.0.0 Mobile Safari/537.36"
109.247.73.50 - - [08/Jul/2023:16:33:24 +0200] "GET /admin/positions/9061?num=0&_=1688809446663 HTTP/1.1" 200 610 "https://rescueme.io/admin/missing/9061" "Mozilla/5.0 (Windows NT 10.0; Win64; x64) AppleWebKit/537.36 (KHTML, like Gecko) Chrome/114.0.0.0 Safari/537.36"
46.15.132.115 - - [08/Jul/2023:16:35:15 +0200] "GET /admin/missing/list HTTP/1.1" 200 2563 "https://rescueme.io/admin/logs" "Mozilla/5.0 (Linux; Android 10; K) AppleWebKit/537.36 (KHTML, like Gecko) Chrome/114.0.0.0 Mobile Safari/537.36"
46.15.132.115 - - [08/Jul/2023:16:35:15 +0200] "GET /admin/locale/translate.json.php HTTP/1.1" 200 758 "https://rescueme.io/admin/missing/list" "Mozilla/5.0 (Linux; Android 10; K) AppleWebKit/537.36 (KHTML, like Gecko) Chrome/114.0.0.0 Mobile Safari/537.36"
46.15.132.115 - - [08/Jul/2023:16:35:15 +0200] "GET /admin/locale/translate.json.php HTTP/1.1" 200 758 "https://rescueme.io/admin/missing/list" "Mozilla/5.0 (Linux; Android 10; K) AppleWebKit/537.36 (KHTML, like Gecko) Chrome/114.0.0.0 Mobile Safari/537.36"
46.15.132.115 - - [08/Jul/2023:16:35:15 +0200] "GET /admin/missing/list?name=open HTTP/1.1" 200 2714 "https://rescueme.io/admin/missing/list" "Mozilla/5.0 (Linux; Android 10; K) AppleWebKit/537.36 (KHTML, like Gecko) Chrome/114.0.0.0 Mobile Safari/537.36"
46.15.132.115 - - [08/Jul/2023:16:35:20 +0200] "GET /admin/missing/edit/9070 HTTP/1.1" 200 4196 "https://rescueme.io/admin/missing/list" "Mozilla/5.0 (Linux; Android 10; K) AppleWebKit/537.36 (KHTML, like Gecko) Chrome/114.0.0.0 Mobile Safari/537.36"
46.15.132.115 - - [08/Jul/2023:16:35:20 +0200] "GET /admin/locale/translate.json.php HTTP/1.1" 200 758 "https://rescueme.io/admin/missing/edit/9070" "Mozilla/5.0 (Linux; Android 10; K) AppleWebKit/537.36 (KHTML, like Gecko) Chrome/114.0.0.0 Mobile Safari/537.36"
46.15.132.115 - - [08/Jul/2023:16:35:20 +0200] "GET /admin/locale/translate.json.php HTTP/1.1" 200 758 "https://rescueme.io/admin/missing/edit/9070" "Mozilla/5.0 (Linux; Android 10; K) AppleWebKit/537.36 (KHTML, like Gecko) Chrome/114.0.0.0 Mobile Safari/537.36"
46.15.132.115 - - [08/Jul/2023:16:36:38 +0200] "GET /admin/logs HTTP/1.1" 200 7121 "https://rescueme.io/admin/missing/edit/9070" "Mozilla/5.0 (Linux; Android 10; K) AppleWebKit/537.36 (KHTML, like Gecko) Chrome/114.0.0.0 Mobile Safari/537.36"
46.15.132.115 - - [08/Jul/2023:16:36:38 +0200] "GET /admin/locale/translate.json.php HTTP/1.1" 200 758 "https://rescueme.io/admin/logs" "Mozilla/5.0 (Linux; Android 10; K) AppleWebKit/537.36 (KHTML, like Gecko) Chrome/114.0.0.0 Mobile Safari/537.36"
46.15.132.115 - - [08/Jul/2023:16:36:38 +0200] "GET /admin/locale/translate.json.php HTTP/1.1" 200 758 "https://rescueme.io/admin/logs" "Mozilla/5.0 (Linux; Android 10; K) AppleWebKit/537.36 (KHTML, like Gecko) Chrome/114.0.0.0 Mobile Safari/537.36"
46.15.132.115 - - [08/Jul/2023:16:36:38 +0200] "GET /admin/logs?name=all HTTP/1.1" 200 1218 "https://rescueme.io/admin/logs" "Mozilla/5.0 (Linux; Android 10; K) AppleWebKit/537.36 (KHTML, like Gecko) Chrome/114.0.0.0 Mobile Safari/537.36"
46.15.132.115 - - [08/Jul/2023:16:36:39 +0200] "GET /admin/logs?name=sms HTTP/1.1" 200 1323 "https://rescueme.io/admin/logs" "Mozilla/5.0 (Linux; Android 10; K) AppleWebKit/537.36 (KHTML, like Gecko) Chrome/114.0.0.0 Mobile Safari/537.36"
46.15.132.115 - - [08/Jul/2023:16:36:41 +0200] "GET /admin/logs?name=sms&page=1&filter=99121364 HTTP/1.1" 200 871 "https://rescueme.io/admin/logs" "Mozilla/5.0 (Linux; Android 10; K) AppleWebKit/537.36 (KHTML, like Gecko) Chrome/114.0.0.0 Mobile Safari/537.36"
46.15.132.115 - - [08/Jul/2023:16:34:52 +0200] "GET /admin/positions/9061?num=0&_=1688826892489 HTTP/1.1" 200 610 "https://rescueme.io/admin/missing/9061" "Mozilla/5.0 (Linux; Android 10; K) AppleWebKit/537.36 (KHTML, like Gecko) Chrome/114.0.0.0 Mobile Safari/537.36"
46.15.132.115 - - [08/Jul/2023:16:35:00 +0200] "GET /admin/positions/9070?num=0&_=1688826901084 HTTP/1.1" 200 610 "https://rescueme.io/admin/missing/9070" "Mozilla/5.0 (Linux; Android 10; K) AppleWebKit/537.36 (KHTML, like Gecko) Chrome/114.0.0.0 Mobile Safari/537.36"
46.15.132.115 - - [08/Jul/2023:16:35:12 +0200] "GET /admin/positions/9070?num=0&_=1688826912384 HTTP/1.1" 200 610 "https://rescueme.io/admin/missing/9070" "Mozilla/5.0 (Linux; Android 10; K) AppleWebKit/537.36 (KHTML, like Gecko) Chrome/114.0.0.0 Mobile Safari/537.36"
109.247.73.50 - - [08/Jul/2023:16:35:15 +0200] "GET /admin/positions/9061?num=0&_=1688809446664 HTTP/1.1" 200 610 "https://rescueme.io/admin/missing/9061" "Mozilla/5.0 (Windows NT 10.0; Win64; x64) AppleWebKit/537.36 (KHTML, like Gecko) Chrome/114.0.0.0 Safari/537.36"
46.15.132.115 - - [08/Jul/2023:16:38:06 +0200] "GET /admin/missing/list HTTP/1.1" 200 2563 "https://rescueme.io/admin/logs" "Mozilla/5.0 (Linux; Android 10; K) AppleWebKit/537.36 (KHTML, like Gecko) Chrome/114.0.0.0 Mobile Safari/537.36"
46.15.132.115 - - [08/Jul/2023:16:38:06 +0200] "GET /admin/locale/translate.json.php HTTP/1.1" 200 758 "https://rescueme.io/admin/missing/list" "Mozilla/5.0 (Linux; Android 10; K) AppleWebKit/537.36 (KHTML, like Gecko) Chrome/114.0.0.0 Mobile Safari/537.36"
46.15.132.115 - - [08/Jul/2023:16:38:06 +0200] "GET /admin/locale/translate.json.php HTTP/1.1" 200 758 "https://rescueme.io/admin/missing/list" "Mozilla/5.0 (Linux; Android 10; K) AppleWebKit/537.36 (KHTML, like Gecko) Chrome/114.0.0.0 Mobile Safari/537.36"
46.15.132.115 - - [08/Jul/2023:16:38:06 +0200] "GET /admin/missing/list?name=open HTTP/1.1" 200 2714 "https://rescueme.io/admin/missing/list" "Mozilla/5.0 (Linux; Android 10; K) AppleWebKit/537.36 (KHTML, like Gecko) Chrome/114.0.0.0 Mobile Safari/537.36"
46.15.132.115 - - [08/Jul/2023:16:38:13 +0200] "GET /admin/missing/resend/9076 HTTP/1.1" 200 752 "https://rescueme.io/admin/missing/list" "Mozilla/5.0 (Linux; Android 10; K) AppleWebKit/537.36 (KHTML, like Gecko) Chrome/114.0.0.0 Mobile Safari/537.36"
216.147.7.132 - - [08/Jul/2023:16:38:15 +0200] "GET /sms/callback/28?msisdn=4798252286&to=RodeKors&network-code=24205&messageId=f5fe6dc7-13da-4112-94d2-fd6ef5272764&price=0.05800000&status=accepted&scts=2307081438&err-code=0&api-key=f370c540&message-timestamp=2023-07-08+14%3A38%3A14 HTTP/1.1" 200 4847 "-" "Nexmo/MessagingHUB/v1.0"
216.147.7.145 - - [08/Jul/2023:16:38:17 +0200] "GET /sms/callback/28?msisdn=4798252286&to=RodeKors&network-code=24205&messageId=f5fe6dc7-13da-4112-94d2-fd6ef5272764&price=0.05800000&status=delivered&scts=2307081638&err-code=0&api-key=f370c540&message-timestamp=2023-07-08+14%3A38%3A17 HTTP/1.1" 200 4847 "-" "Nexmo/MessagingHUB/v1.0"
46.15.132.115 - - [08/Jul/2023:16:38:17 +0200] "GET /admin/missing/9076 HTTP/1.1" 200 3220 "https://rescueme.io/admin/missing/list" "Mozilla/5.0 (Linux; Android 10; K) AppleWebKit/537.36 (KHTML, like Gecko) Chrome/114.0.0.0 Mobile Safari/537.36"
46.15.132.115 - - [08/Jul/2023:16:38:17 +0200] "GET /admin/locale/translate.json.php HTTP/1.1" 200 758 "https://rescueme.io/admin/missing/9076" "Mozilla/5.0 (Linux; Android 10; K) AppleWebKit/537.36 (KHTML, like Gecko) Chrome/114.0.0.0 Mobile Safari/537.36"
46.15.132.115 - - [08/Jul/2023:16:38:17 +0200] "GET /admin/locale/translate.json.php HTTP/1.1" 200 758 "https://rescueme.io/admin/missing/9076" "Mozilla/5.0 (Linux; Android 10; K) AppleWebKit/537.36 (KHTML, like Gecko) Chrome/114.0.0.0 Mobile Safari/537.36"
46.15.132.115 - - [08/Jul/2023:16:38:28 +0200] "GET /admin/missing/list HTTP/1.1" 200 2563 "https://rescueme.io/admin/missing/9076" "Mozilla/5.0 (Linux; Android 10; K) AppleWebKit/537.36 (KHTML, like Gecko) Chrome/114.0.0.0 Mobile Safari/537.36"
46.15.132.115 - - [08/Jul/2023:16:38:28 +0200] "GET /admin/locale/translate.json.php HTTP/1.1" 200 758 "https://rescueme.io/admin/missing/list" "Mozilla/5.0 (Linux; Android 10; K) AppleWebKit/537.36 (KHTML, like Gecko) Chrome/114.0.0.0 Mobile Safari/537.36"
46.15.132.115 - - [08/Jul/2023:16:38:28 +0200] "GET /admin/locale/translate.json.php HTTP/1.1" 200 758 "https://rescueme.io/admin/missing/list" "Mozilla/5.0 (Linux; Android 10; K) AppleWebKit/537.36 (KHTML, like Gecko) Chrome/114.0.0.0 Mobile Safari/537.36"
46.15.132.115 - - [08/Jul/2023:16:38:28 +0200] "GET /admin/missing/list?name=open HTTP/1.1" 200 2719 "https://rescueme.io/admin/missing/list" "Mozilla/5.0 (Linux; Android 10; K) AppleWebKit/537.36 (KHTML, like Gecko) Chrome/114.0.0.0 Mobile Safari/537.36"
46.15.132.115 - - [08/Jul/2023:16:38:36 +0200] "GET /admin/missing/resend/9070 HTTP/1.1" 200 752 "https://rescueme.io/admin/missing/list" "Mozilla/5.0 (Linux; Android 10; K) AppleWebKit/537.36 (KHTML, like Gecko) Chrome/114.0.0.0 Mobile Safari/537.36"
216.147.7.145 - - [08/Jul/2023:16:38:37 +0200] "GET /sms/callback/28?msisdn=4799121364&to=RodeKors&network-code=24205&messageId=ad9bc2ef-64df-4dbe-b4c3-678ccd5f185b&price=0.05800000&status=accepted&scts=2307081438&err-code=0&api-key=f370c540&message-timestamp=2023-07-08+14%3A38%3A37 HTTP/1.1" 200 4847 "-" "Nexmo/MessagingHUB/v1.0"
216.147.7.17 - - [08/Jul/2023:16:38:40 +0200] "GET /sms/callback/28?msisdn=4799121364&to=RodeKors&network-code=24205&messageId=ad9bc2ef-64df-4dbe-b4c3-678ccd5f185b&price=0.05800000&status=delivered&scts=2307081638&err-code=0&api-key=f370c540&message-timestamp=2023-07-08+14%3A38%3A40 HTTP/1.1" 200 4847 "-" "Nexmo/MessagingHUB/v1.0"
46.15.132.115 - - [08/Jul/2023:16:38:41 +0200] "GET /admin/missing/9070 HTTP/1.1" 200 3221 "https://rescueme.io/admin/missing/list" "Mozilla/5.0 (Linux; Android 10; K) AppleWebKit/537.36 (KHTML, like Gecko) Chrome/114.0.0.0 Mobile Safari/537.36"
46.15.132.115 - - [08/Jul/2023:16:38:41 +0200] "GET /admin/locale/translate.json.php HTTP/1.1" 200 758 "https://rescueme.io/admin/missing/9070" "Mozilla/5.0 (Linux; Android 10; K) AppleWebKit/537.36 (KHTML, like Gecko) Chrome/114.0.0.0 Mobile Safari/537.36"
46.15.132.115 - - [08/Jul/2023:16:38:41 +0200] "GET /admin/locale/translate.json.php HTTP/1.1" 200 758 "https://rescueme.io/admin/missing/9070" "Mozilla/5.0 (Linux; Android 10; K) AppleWebKit/537.36 (KHTML, like Gecko) Chrome/114.0.0.0 Mobile Safari/537.36"
109.247.73.50 - - [08/Jul/2023:16:37:06 +0200] "GET /admin/positions/9061?num=0&_=1688809446665 HTTP/1.1" 200 610 "https://rescueme.io/admin/missing/9061" "Mozilla/5.0 (Windows NT 10.0; Win64; x64) AppleWebKit/537.36 (KHTML, like Gecko) Chrome/114.0.0.0 Safari/537.36"
46.15.132.115 - - [08/Jul/2023:16:39:52 +0200] "GET /admin/missing/list HTTP/1.1" 200 2563 "https://rescueme.io/admin/missing/9076" "Mozilla/5.0 (Linux; Android 10; K) AppleWebKit/537.36 (KHTML, like Gecko) Chrome/114.0.0.0 Mobile Safari/537.36"
46.15.132.115 - - [08/Jul/2023:16:39:52 +0200] "GET /admin/locale/translate.json.php HTTP/1.1" 200 758 "https://rescueme.io/admin/missing/list" "Mozilla/5.0 (Linux; Android 10; K) AppleWebKit/537.36 (KHTML, like Gecko) Chrome/114.0.0.0 Mobile Safari/537.36"
46.15.132.115 - - [08/Jul/2023:16:39:52 +0200] "GET /admin/locale/translate.json.php HTTP/1.1" 200 758 "https://rescueme.io/admin/missing/list" "Mozilla/5.0 (Linux; Android 10; K) AppleWebKit/537.36 (KHTML, like Gecko) Chrome/114.0.0.0 Mobile Safari/537.36"
46.15.132.115 - - [08/Jul/2023:16:39:52 +0200] "GET /admin/missing/list?name=open HTTP/1.1" 200 2719 "https://rescueme.io/admin/missing/list" "Mozilla/5.0 (Linux; Android 10; K) AppleWebKit/537.36 (KHTML, like Gecko) Chrome/114.0.0.0 Mobile Safari/537.36"
46.15.132.115 - - [08/Jul/2023:16:39:53 +0200] "GET /admin/missing/9076 HTTP/1.1" 200 3217 "https://rescueme.io/admin/missing/list" "Mozilla/5.0 (Linux; Android 10; K) AppleWebKit/537.36 (KHTML, like Gecko) Chrome/114.0.0.0 Mobile Safari/537.36"
46.15.132.115 - - [08/Jul/2023:16:39:54 +0200] "GET /admin/locale/translate.json.php HTTP/1.1" 200 758 "https://rescueme.io/admin/missing/9076" "Mozilla/5.0 (Linux; Android 10; K) AppleWebKit/537.36 (KHTML, like Gecko) Chrome/114.0.0.0 Mobile Safari/537.36"
46.15.132.115 - - [08/Jul/2023:16:39:54 +0200] "GET /admin/locale/translate.json.php HTTP/1.1" 200 758 "https://rescueme.io/admin/missing/9076" "Mozilla/5.0 (Linux; Android 10; K) AppleWebKit/537.36 (KHTML, like Gecko) Chrome/114.0.0.0 Mobile Safari/537.36"
46.15.132.115 - - [08/Jul/2023:16:38:18 +0200] "GET /admin/positions/9076?num=0&_=1688827098156 HTTP/1.1" 200 610 "https://rescueme.io/admin/missing/9076" "Mozilla/5.0 (Linux; Android 10; K) AppleWebKit/537.36 (KHTML, like Gecko) Chrome/114.0.0.0 Mobile Safari/537.36"
46.15.132.115 - - [08/Jul/2023:16:38:41 +0200] "GET /admin/positions/9070?num=0&_=1688827121864 HTTP/1.1" 200 610 "https://rescueme.io/admin/missing/9070" "Mozilla/5.0 (Linux; Android 10; K) AppleWebKit/537.36 (KHTML, like Gecko) Chrome/114.0.0.0 Mobile Safari/537.36"
109.247.73.50 - - [08/Jul/2023:16:38:57 +0200] "GET /admin/positions/9061?num=0&_=1688809446666 HTTP/1.1" 200 610 "https://rescueme.io/admin/missing/9061" "Mozilla/5.0 (Windows NT 10.0; Win64; x64) AppleWebKit/537.36 (KHTML, like Gecko) Chrome/114.0.0.0 Safari/537.36"
46.15.132.115 - - [08/Jul/2023:16:39:54 +0200] "GET /admin/positions/9076?num=0&_=1688827194365 HTTP/1.1" 200 610 "https://rescueme.io/admin/missing/9076" "Mozilla/5.0 (Linux; Android 10; K) AppleWebKit/537.36 (KHTML, like Gecko) Chrome/114.0.0.0 Mobile Safari/537.36"
109.247.73.50 - - [08/Jul/2023:16:40:49 +0200] "GET /admin/positions/9061?num=0&_=1688809446667 HTTP/1.1" 200 610 "https://rescueme.io/admin/missing/9061" "Mozilla/5.0 (Windows NT 10.0; Win64; x64) AppleWebKit/537.36 (KHTML, like Gecko) Chrome/114.0.0.0 Safari/537.36"
109.247.73.50 - - [08/Jul/2023:16:42:40 +0200] "GET /admin/positions/9061?num=0&_=1688809446668 HTTP/1.1" 200 610 "https://rescueme.io/admin/missing/9061" "Mozilla/5.0 (Windows NT 10.0; Win64; x64) AppleWebKit/537.36 (KHTML, like Gecko) Chrome/114.0.0.0 Safari/537.36"
109.247.73.50 - - [08/Jul/2023:16:44:31 +0200] "GET /admin/positions/9061?num=0&_=1688809446669 HTTP/1.1" 200 610 "https://rescueme.io/admin/missing/9061" "Mozilla/5.0 (Windows NT 10.0; Win64; x64) AppleWebKit/537.36 (KHTML, like Gecko) Chrome/114.0.0.0 Safari/537.36"
109.247.73.50 - - [08/Jul/2023:16:46:23 +0200] "GET /admin/positions/9061?num=0&_=1688809446670 HTTP/1.1" 200 610 "https://rescueme.io/admin/missing/9061" "Mozilla/5.0 (Windows NT 10.0; Win64; x64) AppleWebKit/537.36 (KHTML, like Gecko) Chrome/114.0.0.0 Safari/537.36"
109.247.73.50 - - [08/Jul/2023:16:48:14 +0200] "GET /admin/positions/9061?num=0&_=1688809446671 HTTP/1.1" 200 610 "https://rescueme.io/admin/missing/9061" "Mozilla/5.0 (Windows NT 10.0; Win64; x64) AppleWebKit/537.36 (KHTML, like Gecko) Chrome/114.0.0.0 Safari/537.36"
109.247.73.50 - - [08/Jul/2023:16:50:05 +0200] "GET /admin/positions/9061?num=0&_=1688809446672 HTTP/1.1" 200 610 "https://rescueme.io/admin/missing/9061" "Mozilla/5.0 (Windows NT 10.0; Win64; x64) AppleWebKit/537.36 (KHTML, like Gecko) Chrome/114.0.0.0 Safari/537.36"
109.247.73.50 - - [08/Jul/2023:16:52:11 +0200] "GET / HTTP/1.1" 200 7219 "https://rescueme.io/admin/missing/9061" "Mozilla/5.0 (Windows NT 10.0; Win64; x64) AppleWebKit/537.36 (KHTML, like Gecko) Chrome/114.0.0.0 Safari/537.36"
109.247.73.50 - - [08/Jul/2023:16:52:11 +0200] "GET /css/index.css HTTP/1.1" 304 264 "https://rescueme.io/" "Mozilla/5.0 (Windows NT 10.0; Win64; x64) AppleWebKit/537.36 (KHTML, like Gecko) Chrome/114.0.0.0 Safari/537.36"
109.247.73.50 - - [08/Jul/2023:16:52:12 +0200] "GET /js/index.js HTTP/1.1" 304 401 "https://rescueme.io/" "Mozilla/5.0 (Windows NT 10.0; Win64; x64) AppleWebKit/537.36 (KHTML, like Gecko) Chrome/114.0.0.0 Safari/537.36"
109.247.73.50 - - [08/Jul/2023:16:52:14 +0200] "GET /admin/start HTTP/1.1" 200 2009 "https://rescueme.io/" "Mozilla/5.0 (Windows NT 10.0; Win64; x64) AppleWebKit/537.36 (KHTML, like Gecko) Chrome/114.0.0.0 Safari/537.36"
109.247.73.50 - - [08/Jul/2023:16:52:14 +0200] "GET /css/admin.css HTTP/1.1" 304 264 "https://rescueme.io/admin/start" "Mozilla/5.0 (Windows NT 10.0; Win64; x64) AppleWebKit/537.36 (KHTML, like Gecko) Chrome/114.0.0.0 Safari/537.36"
109.247.73.50 - - [08/Jul/2023:16:52:14 +0200] "GET /js/admin.js HTTP/1.1" 304 401 "https://rescueme.io/admin/start" "Mozilla/5.0 (Windows NT 10.0; Win64; x64) AppleWebKit/537.36 (KHTML, like Gecko) Chrome/114.0.0.0 Safari/537.36"
109.247.73.50 - - [08/Jul/2023:16:52:15 +0200] "GET /admin/locale/translate.json.php HTTP/1.1" 200 917 "https://rescueme.io/admin/start" "Mozilla/5.0 (Windows NT 10.0; Win64; x64) AppleWebKit/537.36 (KHTML, like Gecko) Chrome/114.0.0.0 Safari/537.36"
109.247.73.50 - - [08/Jul/2023:16:52:15 +0200] "GET /admin/locale/translate.json.php HTTP/1.1" 200 779 "https://rescueme.io/admin/start" "Mozilla/5.0 (Windows NT 10.0; Win64; x64) AppleWebKit/537.36 (KHTML, like Gecko) Chrome/114.0.0.0 Safari/537.36"
109.247.73.50 - - [08/Jul/2023:16:52:15 +0200] "GET /admin/locale/translate.json.php HTTP/1.1" 200 779 "https://rescueme.io/admin/start" "Mozilla/5.0 (Windows NT 10.0; Win64; x64) AppleWebKit/537.36 (KHTML, like Gecko) Chrome/114.0.0.0 Safari/537.36"
109.247.73.50 - - [08/Jul/2023:16:52:16 +0200] "GET /admin/missing/new HTTP/1.1" 200 5297 "https://rescueme.io/admin/start" "Mozilla/5.0 (Windows NT 10.0; Win64; x64) AppleWebKit/537.36 (KHTML, like Gecko) Chrome/114.0.0.0 Safari/537.36"
109.247.73.50 - - [08/Jul/2023:16:52:16 +0200] "GET /admin/locale/translate.json.php HTTP/1.1" 200 779 "https://rescueme.io/admin/missing/new" "Mozilla/5.0 (Windows NT 10.0; Win64; x64) AppleWebKit/537.36 (KHTML, like Gecko) Chrome/114.0.0.0 Safari/537.36"
109.247.73.50 - - [08/Jul/2023:16:52:16 +0200] "GET /admin/locale/translate.json.php HTTP/1.1" 200 779 "https://rescueme.io/admin/missing/new" "Mozilla/5.0 (Windows NT 10.0; Win64; x64) AppleWebKit/537.36 (KHTML, like Gecko) Chrome/114.0.0.0 Safari/537.36"
109.247.73.50 - - [08/Jul/2023:16:52:16 +0200] "GET /admin/locale/translate.json.php HTTP/1.1" 200 779 "https://rescueme.io/admin/missing/new" "Mozilla/5.0 (Windows NT 10.0; Win64; x64) AppleWebKit/537.36 (KHTML, like Gecko) Chrome/114.0.0.0 Safari/537.36"
109.247.73.50 - - [08/Jul/2023:16:52:56 +0200] "POST /admin/missing/new HTTP/1.1" 302 782 "https://rescueme.io/admin/missing/new" "Mozilla/5.0 (Windows NT 10.0; Win64; x64) AppleWebKit/537.36 (KHTML, like Gecko) Chrome/114.0.0.0 Safari/537.36"
109.247.73.50 - - [08/Jul/2023:16:52:56 +0200] "GET /admin/missing/9078 HTTP/1.1" 200 3152 "https://rescueme.io/admin/missing/new" "Mozilla/5.0 (Windows NT 10.0; Win64; x64) AppleWebKit/537.36 (KHTML, like Gecko) Chrome/114.0.0.0 Safari/537.36"
109.247.73.50 - - [08/Jul/2023:16:52:57 +0200] "GET /js/map.js HTTP/1.1" 304 264 "https://rescueme.io/admin/missing/9078" "Mozilla/5.0 (Windows NT 10.0; Win64; x64) AppleWebKit/537.36 (KHTML, like Gecko) Chrome/114.0.0.0 Safari/537.36"
109.247.73.50 - - [08/Jul/2023:16:52:57 +0200] "GET /admin/locale/translate.json.php HTTP/1.1" 200 917 "https://rescueme.io/admin/missing/9078" "Mozilla/5.0 (Windows NT 10.0; Win64; x64) AppleWebKit/537.36 (KHTML, like Gecko) Chrome/114.0.0.0 Safari/537.36"
109.247.73.50 - - [08/Jul/2023:16:52:57 +0200] "GET /admin/locale/translate.json.php HTTP/1.1" 200 779 "https://rescueme.io/admin/missing/9078" "Mozilla/5.0 (Windows NT 10.0; Win64; x64) AppleWebKit/537.36 (KHTML, like Gecko) Chrome/114.0.0.0 Safari/537.36"
109.247.73.50 - - [08/Jul/2023:16:52:57 +0200] "GET /admin/locale/translate.json.php HTTP/1.1" 200 779 "https://rescueme.io/admin/missing/9078" "Mozilla/5.0 (Windows NT 10.0; Win64; x64) AppleWebKit/537.36 (KHTML, like Gecko) Chrome/114.0.0.0 Safari/537.36"
148.123.1.186 - - [08/Jul/2023:16:52:57 +0200] "HEAD /l/Ny1 HTTP/1.1" 200 4904 "-" "Mozilla/5.0 (Linux; Android 7.0; SM-G892A Build/NRD90M; wv) AppleWebKit/537.36 (KHTML, like Gecko) Version/4.0 Chrome/60.0.3112.107 Mobile Safari/537.36"
216.147.7.145 - - [08/Jul/2023:16:52:59 +0200] "GET /sms/callback/28?msisdn=4795267544&to=18554642954&network-code=24201&messageId=bb8109c7-82bf-427e-8c61-6fd2e35f5230&price=0.05800000&status=delivered&scts=2307081652&err-code=0&api-key=f370c540&message-timestamp=2023-07-08+14%3A52%3A59 HTTP/1.1" 200 4847 "-" "Nexmo/MessagingHUB/v1.0"
109.247.73.50 - - [08/Jul/2023:16:53:04 +0200] "GET /l/Ny1 HTTP/1.1" 200 7075 "-" "Mozilla/5.0 (iPhone; CPU iPhone OS 16_5_1 like Mac OS X) AppleWebKit/605.1.15 (KHTML, like Gecko) Version/16.5.1 Mobile/15E148 Safari/604.1"
109.247.73.50 - - [08/Jul/2023:16:53:04 +0200] "GET /img/loading.gif HTTP/1.1" 200 2198 "https://rescueme.io/l/Ny1" "Mozilla/5.0 (iPhone; CPU iPhone OS 16_5_1 like Mac OS X) AppleWebKit/605.1.15 (KHTML, like Gecko) Version/16.5.1 Mobile/15E148 Safari/604.1"
109.247.73.50 - - [08/Jul/2023:16:53:04 +0200] "GET /favicon.ico HTTP/1.1" 404 615 "https://rescueme.io/l/Ny1" "Mozilla/5.0 (iPhone; CPU iPhone OS 16_5_1 like Mac OS X) AppleWebKit/605.1.15 (KHTML, like Gecko) Version/16.5.1 Mobile/15E148 Safari/604.1"
109.247.73.50 - - [08/Jul/2023:16:53:06 +0200] "GET /r/Ny1/58.889423239595686/5.630994541326028/35/9.875078201293945/1688827974263 HTTP/1.1" 200 649 "https://rescueme.io/l/Ny1" "Mozilla/5.0 (iPhone; CPU iPhone OS 16_5_1 like Mac OS X) AppleWebKit/605.1.15 (KHTML, like Gecko) Version/16.5.1 Mobile/15E148 Safari/604.1"
109.247.73.50 - - [08/Jul/2023:16:52:57 +0200] "GET /admin/positions/9078?num=0&_=1688827977035 HTTP/1.1" 200 803 "https://rescueme.io/admin/missing/9078" "Mozilla/5.0 (Windows NT 10.0; Win64; x64) AppleWebKit/537.36 (KHTML, like Gecko) Chrome/114.0.0.0 Safari/537.36"
148.123.1.185 - - [08/Jul/2023:16:53:07 +0200] "HEAD /admin/missing/9078 HTTP/1.1" 302 5028 "-" "Mozilla/5.0 (Linux; Android 7.0; SM-G892A Build/NRD90M; wv) AppleWebKit/537.36 (KHTML, like Gecko) Version/4.0 Chrome/60.0.3112.107 Mobile Safari/537.36"
148.123.1.185 - - [08/Jul/2023:16:53:07 +0200] "HEAD /admin/logon?uri=missing%3Fid%3D9078 HTTP/1.1" 200 516 "-" "Mozilla/5.0 (Linux; Android 7.0; SM-G892A Build/NRD90M; wv) AppleWebKit/537.36 (KHTML, like Gecko) Version/4.0 Chrome/60.0.3112.107 Mobile Safari/537.36"
216.147.7.132 - - [08/Jul/2023:16:53:09 +0200] "GET /sms/callback/28?msisdn=4791187319&to=18554642954&network-code=24201&messageId=ad949870-65a8-4129-bbf1-c50679643d8e&price=0.05800000&status=delivered&scts=2307081653&err-code=0&api-key=f370c540&message-timestamp=2023-07-08+14%3A53%3A09 HTTP/1.1" 200 4847 "-" "Nexmo/MessagingHUB/v1.0"
109.247.73.50 - - [08/Jul/2023:16:53:15 +0200] "GET / HTTP/1.1" 200 2705 "https://rescueme.io/admin/missing/9078" "Mozilla/5.0 (Windows NT 10.0; Win64; x64) AppleWebKit/537.36 (KHTML, like Gecko) Chrome/114.0.0.0 Safari/537.36"
109.247.73.50 - - [08/Jul/2023:16:53:15 +0200] "GET /l/Ny1 HTTP/1.1" 200 7007 "https://rescueme.io/l/Ny1" "Mozilla/5.0 (iPhone; CPU iPhone OS 16_5_1 like Mac OS X) AppleWebKit/605.1.15 (KHTML, like Gecko) Version/16.5.1 Mobile/15E148 Safari/604.1"
109.247.73.50 - - [08/Jul/2023:16:53:17 +0200] "GET /admin/start HTTP/1.1" 200 1871 "https://rescueme.io/" "Mozilla/5.0 (Windows NT 10.0; Win64; x64) AppleWebKit/537.36 (KHTML, like Gecko) Chrome/114.0.0.0 Safari/537.36"
109.247.73.50 - - [08/Jul/2023:16:53:17 +0200] "GET /r/Ny1/58.889423239595686/5.630994541326028/35/9.875078201293945/1688827974263 HTTP/1.1" 200 5106 "https://rescueme.io/l/Ny1" "Mozilla/5.0 (iPhone; CPU iPhone OS 16_5_1 like Mac OS X) AppleWebKit/605.1.15 (KHTML, like Gecko) Version/16.5.1 Mobile/15E148 Safari/604.1"
109.247.73.50 - - [08/Jul/2023:16:53:17 +0200] "GET /admin/locale/translate.json.php HTTP/1.1" 200 779 "https://rescueme.io/admin/start" "Mozilla/5.0 (Windows NT 10.0; Win64; x64) AppleWebKit/537.36 (KHTML, like Gecko) Chrome/114.0.0.0 Safari/537.36"
109.247.73.50 - - [08/Jul/2023:16:53:17 +0200] "GET /admin/locale/translate.json.php HTTP/1.1" 200 779 "https://rescueme.io/admin/start" "Mozilla/5.0 (Windows NT 10.0; Win64; x64) AppleWebKit/537.36 (KHTML, like Gecko) Chrome/114.0.0.0 Safari/537.36"
109.247.73.50 - - [08/Jul/2023:16:53:17 +0200] "GET /admin/locale/translate.json.php HTTP/1.1" 200 779 "https://rescueme.io/admin/start" "Mozilla/5.0 (Windows NT 10.0; Win64; x64) AppleWebKit/537.36 (KHTML, like Gecko) Chrome/114.0.0.0 Safari/537.36"
109.247.73.50 - - [08/Jul/2023:16:53:06 +0200] "GET /admin/positions/9078?num=1&_=1688827977036 HTTP/1.1" 200 803 "https://rescueme.io/admin/missing/9078" "Mozilla/5.0 (Windows NT 10.0; Win64; x64) AppleWebKit/537.36 (KHTML, like Gecko) Chrome/114.0.0.0 Safari/537.36"
109.247.73.50 - - [08/Jul/2023:16:53:18 +0200] "GET /admin/missing/new HTTP/1.1" 200 5297 "https://rescueme.io/admin/start" "Mozilla/5.0 (Windows NT 10.0; Win64; x64) AppleWebKit/537.36 (KHTML, like Gecko) Chrome/114.0.0.0 Safari/537.36"
109.247.73.50 - - [08/Jul/2023:16:53:18 +0200] "GET /admin/locale/translate.json.php HTTP/1.1" 200 779 "https://rescueme.io/admin/missing/new" "Mozilla/5.0 (Windows NT 10.0; Win64; x64) AppleWebKit/537.36 (KHTML, like Gecko) Chrome/114.0.0.0 Safari/537.36"
109.247.73.50 - - [08/Jul/2023:16:53:18 +0200] "GET /admin/locale/translate.json.php HTTP/1.1" 200 779 "https://rescueme.io/admin/missing/new" "Mozilla/5.0 (Windows NT 10.0; Win64; x64) AppleWebKit/537.36 (KHTML, like Gecko) Chrome/114.0.0.0 Safari/537.36"
109.247.73.50 - - [08/Jul/2023:16:53:18 +0200] "GET /admin/locale/translate.json.php HTTP/1.1" 200 779 "https://rescueme.io/admin/missing/new" "Mozilla/5.0 (Windows NT 10.0; Win64; x64) AppleWebKit/537.36 (KHTML, like Gecko) Chrome/114.0.0.0 Safari/537.36"
109.247.73.50 - - [08/Jul/2023:16:53:27 +0200] "POST /admin/missing/new HTTP/1.1" 302 782 "https://rescueme.io/admin/missing/new" "Mozilla/5.0 (Windows NT 10.0; Win64; x64) AppleWebKit/537.36 (KHTML, like Gecko) Chrome/114.0.0.0 Safari/537.36"
109.247.73.50 - - [08/Jul/2023:16:53:27 +0200] "GET /admin/missing/9079 HTTP/1.1" 200 3154 "https://rescueme.io/admin/missing/new" "Mozilla/5.0 (Windows NT 10.0; Win64; x64) AppleWebKit/537.36 (KHTML, like Gecko) Chrome/114.0.0.0 Safari/537.36"
216.147.7.145 - - [08/Jul/2023:16:53:27 +0200] "GET /sms/callback/28?msisdn=4792254625&to=18554642954&network-code=24205&messageId=512a2a2b-83d2-43f6-a9c3-181748f8266d&price=0.05800000&status=accepted&scts=2307081453&err-code=0&api-key=f370c540&message-timestamp=2023-07-08+14%3A53%3A27 HTTP/1.1" 200 4847 "-" "Nexmo/MessagingHUB/v1.0"
109.247.73.50 - - [08/Jul/2023:16:53:27 +0200] "GET /admin/locale/translate.json.php HTTP/1.1" 200 779 "https://rescueme.io/admin/missing/9079" "Mozilla/5.0 (Windows NT 10.0; Win64; x64) AppleWebKit/537.36 (KHTML, like Gecko) Chrome/114.0.0.0 Safari/537.36"
109.247.73.50 - - [08/Jul/2023:16:53:27 +0200] "GET /admin/locale/translate.json.php HTTP/1.1" 200 779 "https://rescueme.io/admin/missing/9079" "Mozilla/5.0 (Windows NT 10.0; Win64; x64) AppleWebKit/537.36 (KHTML, like Gecko) Chrome/114.0.0.0 Safari/537.36"
216.147.7.17 - - [08/Jul/2023:16:53:27 +0200] "GET /sms/callback/28?msisdn=4792254625&to=18554642954&network-code=24205&messageId=512a2a2b-83d2-43f6-a9c3-181748f8266d&price=0.05800000&status=failed&scts=2307081653&err-code=9&api-key=f370c540&message-timestamp=2023-07-08+14%3A53%3A27 HTTP/1.1" 200 4847 "-" "Nexmo/MessagingHUB/v1.0"
109.247.73.50 - - [08/Jul/2023:16:53:28 +0200] "GET /admin/locale/translate.json.php HTTP/1.1" 200 779 "https://rescueme.io/admin/missing/9079" "Mozilla/5.0 (Windows NT 10.0; Win64; x64) AppleWebKit/537.36 (KHTML, like Gecko) Chrome/114.0.0.0 Safari/537.36"
109.247.73.50 - - [08/Jul/2023:16:51:56 +0200] "GET /admin/positions/9061?num=0&_=1688809446673 HTTP/1.1" 200 610 "https://rescueme.io/admin/missing/9061" "Mozilla/5.0 (Windows NT 10.0; Win64; x64) AppleWebKit/537.36 (KHTML, like Gecko) Chrome/114.0.0.0 Safari/537.36"
109.247.73.50 - - [08/Jul/2023:16:53:52 +0200] "GET /admin/missing/new HTTP/1.1" 200 5435 "https://rescueme.io/admin/missing/9079" "Mozilla/5.0 (Windows NT 10.0; Win64; x64) AppleWebKit/537.36 (KHTML, like Gecko) Chrome/114.0.0.0 Safari/537.36"
109.247.73.50 - - [08/Jul/2023:16:53:52 +0200] "GET /admin/locale/translate.json.php HTTP/1.1" 200 779 "https://rescueme.io/admin/missing/new" "Mozilla/5.0 (Windows NT 10.0; Win64; x64) AppleWebKit/537.36 (KHTML, like Gecko) Chrome/114.0.0.0 Safari/537.36"
109.247.73.50 - - [08/Jul/2023:16:53:52 +0200] "GET /admin/locale/translate.json.php HTTP/1.1" 200 779 "https://rescueme.io/admin/missing/new" "Mozilla/5.0 (Windows NT 10.0; Win64; x64) AppleWebKit/537.36 (KHTML, like Gecko) Chrome/114.0.0.0 Safari/537.36"
109.247.73.50 - - [08/Jul/2023:16:53:52 +0200] "GET /admin/locale/translate.json.php HTTP/1.1" 200 779 "https://rescueme.io/admin/missing/new" "Mozilla/5.0 (Windows NT 10.0; Win64; x64) AppleWebKit/537.36 (KHTML, like Gecko) Chrome/114.0.0.0 Safari/537.36"
109.247.73.50 - - [08/Jul/2023:16:54:10 +0200] "POST /admin/missing/new HTTP/1.1" 302 782 "https://rescueme.io/admin/missing/new" "Mozilla/5.0 (Windows NT 10.0; Win64; x64) AppleWebKit/537.36 (KHTML, like Gecko) Chrome/114.0.0.0 Safari/537.36"
216.147.7.145 - - [08/Jul/2023:16:54:11 +0200] "GET /sms/callback/28?msisdn=4792254625&to=18554642954&network-code=24205&messageId=1cf69bb0-501f-40bb-959f-4bb4c6f4fa0c&price=0.05800000&status=accepted&scts=2307081454&err-code=0&api-key=f370c540&message-timestamp=2023-07-08+14%3A54%3A11 HTTP/1.1" 200 4847 "-" "Nexmo/MessagingHUB/v1.0"
